2025-06-19 11:39:40.505  INFO 23548 --- [restartedMain] c.h.s.s.S.SpringActuatorDemoApplication  : Starting SpringActuatorDemoApplication on SABIR-HOME with PID 23548 (D:\workstation\workspace\workspace-java\sabir-java-examples\sabir-spring-boot\Actuator\target\classes started by sabir in D:\workstation\workspace\workspace-java\sabir-java-examples\sabir-spring-boot\Actuator)
2025-06-19 11:39:40.517  INFO 23548 --- [restartedMain] c.h.s.s.S.SpringActuatorDemoApplication  : No active profile set, falling back to default profiles: default
2025-06-19 11:39:40.616  INFO 23548 --- [restartedMain] .e.DevToolsPropertyDefaultsPostProcessor : Devtools property defaults active! Set 'spring.devtools.add-properties' to 'false' to disable
2025-06-19 11:39:40.618  INFO 23548 --- [restartedMain] .e.DevToolsPropertyDefaultsPostProcessor : For additional web related logging consider setting the 'logging.level.web' property to 'DEBUG'
2025-06-19 11:39:42.925  INFO 23548 --- [restartedMain] o.s.b.w.embedded.tomcat.TomcatWebServer  : Tomcat initialized with port(s): 8080 (http)
2025-06-19 11:39:42.970  INFO 23548 --- [restartedMain] o.apache.catalina.core.StandardService   : Starting service [Tomcat]
2025-06-19 11:39:42.970  INFO 23548 --- [restartedMain] org.apache.catalina.core.StandardEngine  : Starting Servlet engine: [Apache Tomcat/9.0.21]
2025-06-19 11:39:43.117  INFO 23548 --- [restartedMain] o.a.c.c.C.[Tomcat].[localhost].[/]       : Initializing Spring embedded WebApplicationContext
2025-06-19 11:39:43.117 DEBUG 23548 --- [restartedMain] o.s.web.context.ContextLoader            : Published root WebApplicationContext as ServletContext attribute with name [org.springframework.web.context.WebApplicationContext.ROOT]
2025-06-19 11:39:43.117  INFO 23548 --- [restartedMain] o.s.web.context.ContextLoader            : Root WebApplicationContext: initialization completed in 2499 ms
2025-06-19 11:39:43.758 DEBUG 23548 --- [restartedMain] eGlobalAuthenticationAutowiredConfigurer : Eagerly initializing {securityConfig=com.home.sabir.springboot.SpringMVC.config.SecurityConfig$$EnhancerBySpringCGLIB$$953b7ff2@7317dfaa}
2025-06-19 11:39:43.868 DEBUG 23548 --- [restartedMain] edFilterInvocationSecurityMetadataSource : Adding web access control expression 'permitAll', for org.springframework.boot.actuate.autoconfigure.security.servlet.EndpointRequest$EndpointRequestMatcher@60bf130
2025-06-19 11:39:43.870 DEBUG 23548 --- [restartedMain] edFilterInvocationSecurityMetadataSource : Adding web access control expression 'authenticated', for any request
2025-06-19 11:39:43.874 DEBUG 23548 --- [restartedMain] o.s.s.w.a.i.FilterSecurityInterceptor    : Validated configuration attributes
2025-06-19 11:39:43.874 DEBUG 23548 --- [restartedMain] o.s.s.w.a.i.FilterSecurityInterceptor    : Validated configuration attributes
2025-06-19 11:39:43.880  INFO 23548 --- [restartedMain] o.s.s.web.DefaultSecurityFilterChain     : Creating filter chain: any request, [org.springframework.security.web.context.request.async.WebAsyncManagerIntegrationFilter@28fa57c1, org.springframework.security.web.context.SecurityContextPersistenceFilter@292784fd, org.springframework.security.web.header.HeaderWriterFilter@7f024b52, org.springframework.security.web.csrf.CsrfFilter@f521d2a, org.springframework.security.web.authentication.logout.LogoutFilter@61c342b7, org.springframework.security.web.authentication.UsernamePasswordAuthenticationFilter@5035e7d9, org.springframework.security.web.authentication.ui.DefaultLoginPageGeneratingFilter@3bbe873a, org.springframework.security.web.authentication.ui.DefaultLogoutPageGeneratingFilter@46077fe0, org.springframework.security.web.authentication.www.BasicAuthenticationFilter@18d3e138, org.springframework.security.web.savedrequest.RequestCacheAwareFilter@687967, org.springframework.security.web.servletapi.SecurityContextHolderAwareRequestFilter@71cf3c97, org.springframework.security.web.authentication.AnonymousAuthenticationFilter@547f3f27, org.springframework.security.web.session.SessionManagementFilter@4fb18d6b, org.springframework.security.web.access.ExceptionTranslationFilter@70eb1268, org.springframework.security.web.access.intercept.FilterSecurityInterceptor@95f76d2]
2025-06-19 11:39:43.937 DEBUG 23548 --- [restartedMain] o.s.w.s.handler.SimpleUrlHandlerMapping  : Patterns [/**/favicon.ico] in 'faviconHandlerMapping'
2025-06-19 11:39:44.048  INFO 23548 --- [restartedMain] o.s.s.concurrent.ThreadPoolTaskExecutor  : Initializing ExecutorService 'applicationTaskExecutor'
2025-06-19 11:39:44.062 DEBUG 23548 --- [restartedMain] s.w.s.m.m.a.RequestMappingHandlerAdapter : ControllerAdvice beans: 0 @ModelAttribute, 0 @InitBinder, 1 RequestBodyAdvice, 1 ResponseBodyAdvice
2025-06-19 11:39:44.157 DEBUG 23548 --- [restartedMain] s.w.s.m.m.a.RequestMappingHandlerMapping : 3 mappings in 'requestMappingHandlerMapping'
2025-06-19 11:39:44.178 DEBUG 23548 --- [restartedMain] o.s.w.s.handler.SimpleUrlHandlerMapping  : Patterns [/webjars/**, /**] in 'resourceHandlerMapping'
2025-06-19 11:39:44.195 DEBUG 23548 --- [restartedMain] .m.m.a.ExceptionHandlerExceptionResolver : ControllerAdvice beans: 0 @ExceptionHandler, 1 ResponseBodyAdvice
2025-06-19 11:39:44.417  INFO 23548 --- [restartedMain] o.s.b.a.e.web.EndpointLinksResolver      : Exposing 8 endpoint(s) beneath base path '/details'
2025-06-19 11:39:44.474  INFO 23548 --- [restartedMain] o.s.b.d.a.OptionalLiveReloadServer       : LiveReload server is running on port 35729
2025-06-19 11:39:44.586  INFO 23548 --- [restartedMain] o.s.b.w.embedded.tomcat.TomcatWebServer  : Tomcat started on port(s): 8080 (http) with context path ''
2025-06-19 11:39:44.591  INFO 23548 --- [restartedMain] c.h.s.s.S.SpringActuatorDemoApplication  : Started SpringActuatorDemoApplication in 4.745 seconds (JVM running for 8.207)
2025-06-19 11:39:52.741  INFO 23548 --- [http-nio-8080-exec-1] o.a.c.c.C.[Tomcat].[localhost].[/]       : Initializing Spring DispatcherServlet 'dispatcherServlet'
2025-06-19 11:39:52.742  INFO 23548 --- [http-nio-8080-exec-1] o.s.web.servlet.DispatcherServlet        : Initializing Servlet 'dispatcherServlet'
2025-06-19 11:39:52.742 DEBUG 23548 --- [http-nio-8080-exec-1] o.s.web.servlet.DispatcherServlet        : Detected StandardServletMultipartResolver
2025-06-19 11:39:52.752 DEBUG 23548 --- [http-nio-8080-exec-1] o.s.web.servlet.DispatcherServlet        : enableLoggingRequestDetails='false': request parameters and headers will be masked to prevent unsafe logging of potentially sensitive data
2025-06-19 11:39:52.752  INFO 23548 --- [http-nio-8080-exec-1] o.s.web.servlet.DispatcherServlet        : Completed initialization in 10 ms
2025-06-19 11:39:52.767 DEBUG 23548 --- [http-nio-8080-exec-1] o.s.security.web.FilterChainProxy        : /details at position 1 of 15 in additional filter chain; firing Filter: 'WebAsyncManagerIntegrationFilter'
2025-06-19 11:39:52.775 DEBUG 23548 --- [http-nio-8080-exec-1] o.s.security.web.FilterChainProxy        : /details at position 2 of 15 in additional filter chain; firing Filter: 'SecurityContextPersistenceFilter'
2025-06-19 11:39:52.775 DEBUG 23548 --- [http-nio-8080-exec-1] w.c.HttpSessionSecurityContextRepository : No HttpSession currently exists
2025-06-19 11:39:52.775 DEBUG 23548 --- [http-nio-8080-exec-1] w.c.HttpSessionSecurityContextRepository : No SecurityContext was available from the HttpSession: null. A new one will be created.
2025-06-19 11:39:52.779 DEBUG 23548 --- [http-nio-8080-exec-1] o.s.security.web.FilterChainProxy        : /details at position 3 of 15 in additional filter chain; firing Filter: 'HeaderWriterFilter'
2025-06-19 11:39:52.780 DEBUG 23548 --- [http-nio-8080-exec-1] o.s.security.web.FilterChainProxy        : /details at position 4 of 15 in additional filter chain; firing Filter: 'CsrfFilter'
2025-06-19 11:39:52.782 DEBUG 23548 --- [http-nio-8080-exec-1] o.s.security.web.FilterChainProxy        : /details at position 5 of 15 in additional filter chain; firing Filter: 'LogoutFilter'
2025-06-19 11:39:52.782 DEBUG 23548 --- [http-nio-8080-exec-1] o.s.s.w.u.matcher.AntPathRequestMatcher  : Request 'GET /details' doesn't match 'POST /logout'
2025-06-19 11:39:52.782 DEBUG 23548 --- [http-nio-8080-exec-1] o.s.security.web.FilterChainProxy        : /details at position 6 of 15 in additional filter chain; firing Filter: 'UsernamePasswordAuthenticationFilter'
2025-06-19 11:39:52.782 DEBUG 23548 --- [http-nio-8080-exec-1] o.s.s.w.u.matcher.AntPathRequestMatcher  : Request 'GET /details' doesn't match 'POST /login'
2025-06-19 11:39:52.782 DEBUG 23548 --- [http-nio-8080-exec-1] o.s.security.web.FilterChainProxy        : /details at position 7 of 15 in additional filter chain; firing Filter: 'DefaultLoginPageGeneratingFilter'
2025-06-19 11:39:52.782 DEBUG 23548 --- [http-nio-8080-exec-1] o.s.security.web.FilterChainProxy        : /details at position 8 of 15 in additional filter chain; firing Filter: 'DefaultLogoutPageGeneratingFilter'
2025-06-19 11:39:52.782 DEBUG 23548 --- [http-nio-8080-exec-1] o.s.s.w.u.matcher.AntPathRequestMatcher  : Checking match of request : '/details'; against '/logout'
2025-06-19 11:39:52.785 DEBUG 23548 --- [http-nio-8080-exec-1] o.s.security.web.FilterChainProxy        : /details at position 9 of 15 in additional filter chain; firing Filter: 'BasicAuthenticationFilter'
2025-06-19 11:39:52.785 DEBUG 23548 --- [http-nio-8080-exec-1] o.s.security.web.FilterChainProxy        : /details at position 10 of 15 in additional filter chain; firing Filter: 'RequestCacheAwareFilter'
2025-06-19 11:39:52.785 DEBUG 23548 --- [http-nio-8080-exec-1] o.s.s.w.s.HttpSessionRequestCache        : saved request doesn't match
2025-06-19 11:39:52.785 DEBUG 23548 --- [http-nio-8080-exec-1] o.s.security.web.FilterChainProxy        : /details at position 11 of 15 in additional filter chain; firing Filter: 'SecurityContextHolderAwareRequestFilter'
2025-06-19 11:39:52.786 DEBUG 23548 --- [http-nio-8080-exec-1] o.s.security.web.FilterChainProxy        : /details at position 12 of 15 in additional filter chain; firing Filter: 'AnonymousAuthenticationFilter'
2025-06-19 11:39:52.786 DEBUG 23548 --- [http-nio-8080-exec-1] o.s.s.w.a.AnonymousAuthenticationFilter  : Populated SecurityContextHolder with anonymous token: 'org.springframework.security.authentication.AnonymousAuthenticationToken@a8c616bd: Principal: anonymousUser; Credentials: [PROTECTED]; Authenticated: true; Details: org.springframework.security.web.authentication.WebAuthenticationDetails@b364: RemoteIpAddress: 0:0:0:0:0:0:0:1; SessionId: null; Granted Authorities: ROLE_ANONYMOUS'
2025-06-19 11:39:52.788 DEBUG 23548 --- [http-nio-8080-exec-1] o.s.security.web.FilterChainProxy        : /details at position 13 of 15 in additional filter chain; firing Filter: 'SessionManagementFilter'
2025-06-19 11:39:52.788 DEBUG 23548 --- [http-nio-8080-exec-1] o.s.security.web.FilterChainProxy        : /details at position 14 of 15 in additional filter chain; firing Filter: 'ExceptionTranslationFilter'
2025-06-19 11:39:52.788 DEBUG 23548 --- [http-nio-8080-exec-1] o.s.security.web.FilterChainProxy        : /details at position 15 of 15 in additional filter chain; firing Filter: 'FilterSecurityInterceptor'
2025-06-19 11:39:52.794 DEBUG 23548 --- [http-nio-8080-exec-1] o.s.s.web.util.matcher.OrRequestMatcher  : Trying to match using Mvc [pattern='/details/health/**']
2025-06-19 11:39:52.811 DEBUG 23548 --- [http-nio-8080-exec-1] o.s.s.web.util.matcher.OrRequestMatcher  : Trying to match using Mvc [pattern='/details/info/**']
2025-06-19 11:39:52.813 DEBUG 23548 --- [http-nio-8080-exec-1] o.s.s.web.util.matcher.OrRequestMatcher  : No matches found
2025-06-19 11:39:52.814 DEBUG 23548 --- [http-nio-8080-exec-1] o.s.s.w.a.i.FilterSecurityInterceptor    : Secure object: FilterInvocation: URL: /details; Attributes: [authenticated]
2025-06-19 11:39:52.814 DEBUG 23548 --- [http-nio-8080-exec-1] o.s.s.w.a.i.FilterSecurityInterceptor    : Previously Authenticated: org.springframework.security.authentication.AnonymousAuthenticationToken@a8c616bd: Principal: anonymousUser; Credentials: [PROTECTED]; Authenticated: true; Details: org.springframework.security.web.authentication.WebAuthenticationDetails@b364: RemoteIpAddress: 0:0:0:0:0:0:0:1; SessionId: null; Granted Authorities: ROLE_ANONYMOUS
2025-06-19 11:39:52.823 DEBUG 23548 --- [http-nio-8080-exec-1] o.s.s.access.vote.AffirmativeBased       : Voter: org.springframework.security.web.access.expression.WebExpressionVoter@5f722e94, returned: -1
2025-06-19 11:39:52.838 DEBUG 23548 --- [http-nio-8080-exec-1] o.s.s.w.a.ExceptionTranslationFilter     : Access is denied (user is anonymous); redirecting to authentication entry point

org.springframework.security.access.AccessDeniedException: Access is denied
	at org.springframework.security.access.vote.AffirmativeBased.decide(AffirmativeBased.java:84) ~[spring-security-core-5.1.5.RELEASE.jar:5.1.5.RELEASE]
	at org.springframework.security.access.intercept.AbstractSecurityInterceptor.beforeInvocation(AbstractSecurityInterceptor.java:233) ~[spring-security-core-5.1.5.RELEASE.jar:5.1.5.RELEASE]
	at org.springframework.security.web.access.intercept.FilterSecurityInterceptor.invoke(FilterSecurityInterceptor.java:124) ~[spring-security-web-5.1.5.RELEASE.jar:5.1.5.RELEASE]
	at org.springframework.security.web.access.intercept.FilterSecurityInterceptor.doFilter(FilterSecurityInterceptor.java:91) ~[spring-security-web-5.1.5.RELEASE.jar:5.1.5.RELEASE]
	at org.springframework.security.web.FilterChainProxy$VirtualFilterChain.doFilter(FilterChainProxy.java:334) ~[spring-security-web-5.1.5.RELEASE.jar:5.1.5.RELEASE]
	at org.springframework.security.web.access.ExceptionTranslationFilter.doFilter(ExceptionTranslationFilter.java:119) ~[spring-security-web-5.1.5.RELEASE.jar:5.1.5.RELEASE]
	at org.springframework.security.web.FilterChainProxy$VirtualFilterChain.doFilter(FilterChainProxy.java:334) ~[spring-security-web-5.1.5.RELEASE.jar:5.1.5.RELEASE]
	at org.springframework.security.web.session.SessionManagementFilter.doFilter(SessionManagementFilter.java:137) ~[spring-security-web-5.1.5.RELEASE.jar:5.1.5.RELEASE]
	at org.springframework.security.web.FilterChainProxy$VirtualFilterChain.doFilter(FilterChainProxy.java:334) ~[spring-security-web-5.1.5.RELEASE.jar:5.1.5.RELEASE]
	at org.springframework.security.web.authentication.AnonymousAuthenticationFilter.doFilter(AnonymousAuthenticationFilter.java:111) ~[spring-security-web-5.1.5.RELEASE.jar:5.1.5.RELEASE]
	at org.springframework.security.web.FilterChainProxy$VirtualFilterChain.doFilter(FilterChainProxy.java:334) ~[spring-security-web-5.1.5.RELEASE.jar:5.1.5.RELEASE]
	at org.springframework.security.web.servletapi.SecurityContextHolderAwareRequestFilter.doFilter(SecurityContextHolderAwareRequestFilter.java:170) ~[spring-security-web-5.1.5.RELEASE.jar:5.1.5.RELEASE]
	at org.springframework.security.web.FilterChainProxy$VirtualFilterChain.doFilter(FilterChainProxy.java:334) ~[spring-security-web-5.1.5.RELEASE.jar:5.1.5.RELEASE]
	at org.springframework.security.web.savedrequest.RequestCacheAwareFilter.doFilter(RequestCacheAwareFilter.java:63) ~[spring-security-web-5.1.5.RELEASE.jar:5.1.5.RELEASE]
	at org.springframework.security.web.FilterChainProxy$VirtualFilterChain.doFilter(FilterChainProxy.java:334) ~[spring-security-web-5.1.5.RELEASE.jar:5.1.5.RELEASE]
	at org.springframework.security.web.authentication.www.BasicAuthenticationFilter.doFilterInternal(BasicAuthenticationFilter.java:158) ~[spring-security-web-5.1.5.RELEASE.jar:5.1.5.RELEASE]
	at org.springframework.web.filter.OncePerRequestFilter.doFilter(OncePerRequestFilter.java:109) ~[spring-web-5.1.8.RELEASE.jar:5.1.8.RELEASE]
	at org.springframework.security.web.FilterChainProxy$VirtualFilterChain.doFilter(FilterChainProxy.java:334) ~[spring-security-web-5.1.5.RELEASE.jar:5.1.5.RELEASE]
	at org.springframework.security.web.authentication.ui.DefaultLogoutPageGeneratingFilter.doFilterInternal(DefaultLogoutPageGeneratingFilter.java:52) ~[spring-security-web-5.1.5.RELEASE.jar:5.1.5.RELEASE]
	at org.springframework.web.filter.OncePerRequestFilter.doFilter(OncePerRequestFilter.java:109) ~[spring-web-5.1.8.RELEASE.jar:5.1.8.RELEASE]
	at org.springframework.security.web.FilterChainProxy$VirtualFilterChain.doFilter(FilterChainProxy.java:334) ~[spring-security-web-5.1.5.RELEASE.jar:5.1.5.RELEASE]
	at org.springframework.security.web.authentication.ui.DefaultLoginPageGeneratingFilter.doFilter(DefaultLoginPageGeneratingFilter.java:206) ~[spring-security-web-5.1.5.RELEASE.jar:5.1.5.RELEASE]
	at org.springframework.security.web.FilterChainProxy$VirtualFilterChain.doFilter(FilterChainProxy.java:334) ~[spring-security-web-5.1.5.RELEASE.jar:5.1.5.RELEASE]
	at org.springframework.security.web.authentication.AbstractAuthenticationProcessingFilter.doFilter(AbstractAuthenticationProcessingFilter.java:200) ~[spring-security-web-5.1.5.RELEASE.jar:5.1.5.RELEASE]
	at org.springframework.security.web.FilterChainProxy$VirtualFilterChain.doFilter(FilterChainProxy.java:334) ~[spring-security-web-5.1.5.RELEASE.jar:5.1.5.RELEASE]
	at org.springframework.security.web.authentication.logout.LogoutFilter.doFilter(LogoutFilter.java:116) ~[spring-security-web-5.1.5.RELEASE.jar:5.1.5.RELEASE]
	at org.springframework.security.web.FilterChainProxy$VirtualFilterChain.doFilter(FilterChainProxy.java:334) ~[spring-security-web-5.1.5.RELEASE.jar:5.1.5.RELEASE]
	at org.springframework.security.web.csrf.CsrfFilter.doFilterInternal(CsrfFilter.java:100) ~[spring-security-web-5.1.5.RELEASE.jar:5.1.5.RELEASE]
	at org.springframework.web.filter.OncePerRequestFilter.doFilter(OncePerRequestFilter.java:109) ~[spring-web-5.1.8.RELEASE.jar:5.1.8.RELEASE]
	at org.springframework.security.web.FilterChainProxy$VirtualFilterChain.doFilter(FilterChainProxy.java:334) ~[spring-security-web-5.1.5.RELEASE.jar:5.1.5.RELEASE]
	at org.springframework.security.web.header.HeaderWriterFilter.doFilterInternal(HeaderWriterFilter.java:74) ~[spring-security-web-5.1.5.RELEASE.jar:5.1.5.RELEASE]
	at org.springframework.web.filter.OncePerRequestFilter.doFilter(OncePerRequestFilter.java:109) ~[spring-web-5.1.8.RELEASE.jar:5.1.8.RELEASE]
	at org.springframework.security.web.FilterChainProxy$VirtualFilterChain.doFilter(FilterChainProxy.java:334) ~[spring-security-web-5.1.5.RELEASE.jar:5.1.5.RELEASE]
	at org.springframework.security.web.context.SecurityContextPersistenceFilter.doFilter(SecurityContextPersistenceFilter.java:105) ~[spring-security-web-5.1.5.RELEASE.jar:5.1.5.RELEASE]
	at org.springframework.security.web.FilterChainProxy$VirtualFilterChain.doFilter(FilterChainProxy.java:334) ~[spring-security-web-5.1.5.RELEASE.jar:5.1.5.RELEASE]
	at org.springframework.security.web.context.request.async.WebAsyncManagerIntegrationFilter.doFilterInternal(WebAsyncManagerIntegrationFilter.java:56) ~[spring-security-web-5.1.5.RELEASE.jar:5.1.5.RELEASE]
	at org.springframework.web.filter.OncePerRequestFilter.doFilter(OncePerRequestFilter.java:109) ~[spring-web-5.1.8.RELEASE.jar:5.1.8.RELEASE]
	at org.springframework.security.web.FilterChainProxy$VirtualFilterChain.doFilter(FilterChainProxy.java:334) ~[spring-security-web-5.1.5.RELEASE.jar:5.1.5.RELEASE]
	at org.springframework.security.web.FilterChainProxy.doFilterInternal(FilterChainProxy.java:215) ~[spring-security-web-5.1.5.RELEASE.jar:5.1.5.RELEASE]
	at org.springframework.security.web.FilterChainProxy.doFilter(FilterChainProxy.java:178) ~[spring-security-web-5.1.5.RELEASE.jar:5.1.5.RELEASE]
	at org.springframework.web.filter.DelegatingFilterProxy.invokeDelegate(DelegatingFilterProxy.java:357) ~[spring-web-5.1.8.RELEASE.jar:5.1.8.RELEASE]
	at org.springframework.web.filter.DelegatingFilterProxy.doFilter(DelegatingFilterProxy.java:270) ~[spring-web-5.1.8.RELEASE.jar:5.1.8.RELEASE]
	at org.apache.catalina.core.ApplicationFilterChain.internalDoFilter(ApplicationFilterChain.java:193) ~[tomcat-embed-core-9.0.21.jar:9.0.21]
	at org.apache.catalina.core.ApplicationFilterChain.doFilter(ApplicationFilterChain.java:166) ~[tomcat-embed-core-9.0.21.jar:9.0.21]
	at org.springframework.web.filter.RequestContextFilter.doFilterInternal(RequestContextFilter.java:99) ~[spring-web-5.1.8.RELEASE.jar:5.1.8.RELEASE]
	at org.springframework.web.filter.OncePerRequestFilter.doFilter(OncePerRequestFilter.java:109) ~[spring-web-5.1.8.RELEASE.jar:5.1.8.RELEASE]
	at org.apache.catalina.core.ApplicationFilterChain.internalDoFilter(ApplicationFilterChain.java:193) ~[tomcat-embed-core-9.0.21.jar:9.0.21]
	at org.apache.catalina.core.ApplicationFilterChain.doFilter(ApplicationFilterChain.java:166) ~[tomcat-embed-core-9.0.21.jar:9.0.21]
	at org.springframework.web.filter.FormContentFilter.doFilterInternal(FormContentFilter.java:92) ~[spring-web-5.1.8.RELEASE.jar:5.1.8.RELEASE]
	at org.springframework.web.filter.OncePerRequestFilter.doFilter(OncePerRequestFilter.java:109) ~[spring-web-5.1.8.RELEASE.jar:5.1.8.RELEASE]
	at org.apache.catalina.core.ApplicationFilterChain.internalDoFilter(ApplicationFilterChain.java:193) ~[tomcat-embed-core-9.0.21.jar:9.0.21]
	at org.apache.catalina.core.ApplicationFilterChain.doFilter(ApplicationFilterChain.java:166) ~[tomcat-embed-core-9.0.21.jar:9.0.21]
	at org.springframework.web.filter.HiddenHttpMethodFilter.doFilterInternal(HiddenHttpMethodFilter.java:93) ~[spring-web-5.1.8.RELEASE.jar:5.1.8.RELEASE]
	at org.springframework.web.filter.OncePerRequestFilter.doFilter(OncePerRequestFilter.java:109) ~[spring-web-5.1.8.RELEASE.jar:5.1.8.RELEASE]
	at org.apache.catalina.core.ApplicationFilterChain.internalDoFilter(ApplicationFilterChain.java:193) ~[tomcat-embed-core-9.0.21.jar:9.0.21]
	at org.apache.catalina.core.ApplicationFilterChain.doFilter(ApplicationFilterChain.java:166) ~[tomcat-embed-core-9.0.21.jar:9.0.21]
	at org.springframework.boot.actuate.metrics.web.servlet.WebMvcMetricsFilter.filterAndRecordMetrics(WebMvcMetricsFilter.java:114) ~[spring-boot-actuator-2.1.6.RELEASE.jar:2.1.6.RELEASE]
	at org.springframework.boot.actuate.metrics.web.servlet.WebMvcMetricsFilter.doFilterInternal(WebMvcMetricsFilter.java:104) ~[spring-boot-actuator-2.1.6.RELEASE.jar:2.1.6.RELEASE]
	at org.springframework.web.filter.OncePerRequestFilter.doFilter(OncePerRequestFilter.java:109) ~[spring-web-5.1.8.RELEASE.jar:5.1.8.RELEASE]
	at org.apache.catalina.core.ApplicationFilterChain.internalDoFilter(ApplicationFilterChain.java:193) ~[tomcat-embed-core-9.0.21.jar:9.0.21]
	at org.apache.catalina.core.ApplicationFilterChain.doFilter(ApplicationFilterChain.java:166) ~[tomcat-embed-core-9.0.21.jar:9.0.21]
	at org.springframework.web.filter.CharacterEncodingFilter.doFilterInternal(CharacterEncodingFilter.java:200) ~[spring-web-5.1.8.RELEASE.jar:5.1.8.RELEASE]
	at org.springframework.web.filter.OncePerRequestFilter.doFilter(OncePerRequestFilter.java:109) ~[spring-web-5.1.8.RELEASE.jar:5.1.8.RELEASE]
	at org.apache.catalina.core.ApplicationFilterChain.internalDoFilter(ApplicationFilterChain.java:193) ~[tomcat-embed-core-9.0.21.jar:9.0.21]
	at org.apache.catalina.core.ApplicationFilterChain.doFilter(ApplicationFilterChain.java:166) ~[tomcat-embed-core-9.0.21.jar:9.0.21]
	at org.apache.catalina.core.StandardWrapperValve.invoke(StandardWrapperValve.java:202) ~[tomcat-embed-core-9.0.21.jar:9.0.21]
	at org.apache.catalina.core.StandardContextValve.invoke(StandardContextValve.java:96) ~[tomcat-embed-core-9.0.21.jar:9.0.21]
	at org.apache.catalina.authenticator.AuthenticatorBase.invoke(AuthenticatorBase.java:490) ~[tomcat-embed-core-9.0.21.jar:9.0.21]
	at org.apache.catalina.core.StandardHostValve.invoke(StandardHostValve.java:139) ~[tomcat-embed-core-9.0.21.jar:9.0.21]
	at org.apache.catalina.valves.ErrorReportValve.invoke(ErrorReportValve.java:92) ~[tomcat-embed-core-9.0.21.jar:9.0.21]
	at org.apache.catalina.core.StandardEngineValve.invoke(StandardEngineValve.java:74) ~[tomcat-embed-core-9.0.21.jar:9.0.21]
	at org.apache.catalina.connector.CoyoteAdapter.service(CoyoteAdapter.java:343) ~[tomcat-embed-core-9.0.21.jar:9.0.21]
	at org.apache.coyote.http11.Http11Processor.service(Http11Processor.java:408) ~[tomcat-embed-core-9.0.21.jar:9.0.21]
	at org.apache.coyote.AbstractProcessorLight.process(AbstractProcessorLight.java:66) ~[tomcat-embed-core-9.0.21.jar:9.0.21]
	at org.apache.coyote.AbstractProtocol$ConnectionHandler.process(AbstractProtocol.java:853) ~[tomcat-embed-core-9.0.21.jar:9.0.21]
	at org.apache.tomcat.util.net.NioEndpoint$SocketProcessor.doRun(NioEndpoint.java:1587) ~[tomcat-embed-core-9.0.21.jar:9.0.21]
	at org.apache.tomcat.util.net.SocketProcessorBase.run(SocketProcessorBase.java:49) ~[tomcat-embed-core-9.0.21.jar:9.0.21]
	at java.base/java.util.concurrent.ThreadPoolExecutor.runWorker(ThreadPoolExecutor.java:1144) ~[na:na]
	at java.base/java.util.concurrent.ThreadPoolExecutor$Worker.run(ThreadPoolExecutor.java:642) ~[na:na]
	at org.apache.tomcat.util.threads.TaskThread$WrappingRunnable.run(TaskThread.java:61) ~[tomcat-embed-core-9.0.21.jar:9.0.21]
	at java.base/java.lang.Thread.run(Thread.java:1583) ~[na:na]

2025-06-19 11:39:52.846 DEBUG 23548 --- [http-nio-8080-exec-1] o.s.s.w.util.matcher.AndRequestMatcher   : Trying to match using Ant [pattern='/**', GET]
2025-06-19 11:39:52.846 DEBUG 23548 --- [http-nio-8080-exec-1] o.s.s.w.u.matcher.AntPathRequestMatcher  : Request '/details' matched by universal pattern '/**'
2025-06-19 11:39:52.846 DEBUG 23548 --- [http-nio-8080-exec-1] o.s.s.w.util.matcher.AndRequestMatcher   : Trying to match using NegatedRequestMatcher [requestMatcher=Ant [pattern='/**/favicon.*']]
2025-06-19 11:39:52.846 DEBUG 23548 --- [http-nio-8080-exec-1] o.s.s.w.u.matcher.AntPathRequestMatcher  : Checking match of request : '/details'; against '/**/favicon.*'
2025-06-19 11:39:52.853 DEBUG 23548 --- [http-nio-8080-exec-1] o.s.s.w.u.matcher.NegatedRequestMatcher  : matches = true
2025-06-19 11:39:52.853 DEBUG 23548 --- [http-nio-8080-exec-1] o.s.s.w.util.matcher.AndRequestMatcher   : Trying to match using NegatedRequestMatcher [requestMatcher=MediaTypeRequestMatcher [contentNegotiationStrategy=org.springframework.web.accept.ContentNegotiationManager@81d2084, matchingMediaTypes=[application/json], useEquals=false, ignoredMediaTypes=[*/*]]]
2025-06-19 11:39:52.854 DEBUG 23548 --- [http-nio-8080-exec-1] o.s.s.w.u.m.MediaTypeRequestMatcher      : httpRequestMediaTypes=[text/html, application/xhtml+xml, image/avif, image/webp, image/apng, application/xml;q=0.9, application/signed-exchange;v=b3;q=0.7, */*;q=0.8]
2025-06-19 11:39:52.854 DEBUG 23548 --- [http-nio-8080-exec-1] o.s.s.w.u.m.MediaTypeRequestMatcher      : Processing text/html
2025-06-19 11:39:52.854 DEBUG 23548 --- [http-nio-8080-exec-1] o.s.s.w.u.m.MediaTypeRequestMatcher      : application/json .isCompatibleWith text/html = false
2025-06-19 11:39:52.854 DEBUG 23548 --- [http-nio-8080-exec-1] o.s.s.w.u.m.MediaTypeRequestMatcher      : Processing application/xhtml+xml
2025-06-19 11:39:52.854 DEBUG 23548 --- [http-nio-8080-exec-1] o.s.s.w.u.m.MediaTypeRequestMatcher      : application/json .isCompatibleWith application/xhtml+xml = false
2025-06-19 11:39:52.854 DEBUG 23548 --- [http-nio-8080-exec-1] o.s.s.w.u.m.MediaTypeRequestMatcher      : Processing image/avif
2025-06-19 11:39:52.854 DEBUG 23548 --- [http-nio-8080-exec-1] o.s.s.w.u.m.MediaTypeRequestMatcher      : application/json .isCompatibleWith image/avif = false
2025-06-19 11:39:52.854 DEBUG 23548 --- [http-nio-8080-exec-1] o.s.s.w.u.m.MediaTypeRequestMatcher      : Processing image/webp
2025-06-19 11:39:52.856 DEBUG 23548 --- [http-nio-8080-exec-1] o.s.s.w.u.m.MediaTypeRequestMatcher      : application/json .isCompatibleWith image/webp = false
2025-06-19 11:39:52.856 DEBUG 23548 --- [http-nio-8080-exec-1] o.s.s.w.u.m.MediaTypeRequestMatcher      : Processing image/apng
2025-06-19 11:39:52.856 DEBUG 23548 --- [http-nio-8080-exec-1] o.s.s.w.u.m.MediaTypeRequestMatcher      : application/json .isCompatibleWith image/apng = false
2025-06-19 11:39:52.856 DEBUG 23548 --- [http-nio-8080-exec-1] o.s.s.w.u.m.MediaTypeRequestMatcher      : Processing application/xml;q=0.9
2025-06-19 11:39:52.856 DEBUG 23548 --- [http-nio-8080-exec-1] o.s.s.w.u.m.MediaTypeRequestMatcher      : application/json .isCompatibleWith application/xml;q=0.9 = false
2025-06-19 11:39:52.856 DEBUG 23548 --- [http-nio-8080-exec-1] o.s.s.w.u.m.MediaTypeRequestMatcher      : Processing application/signed-exchange;v=b3;q=0.7
2025-06-19 11:39:52.856 DEBUG 23548 --- [http-nio-8080-exec-1] o.s.s.w.u.m.MediaTypeRequestMatcher      : application/json .isCompatibleWith application/signed-exchange;v=b3;q=0.7 = false
2025-06-19 11:39:52.856 DEBUG 23548 --- [http-nio-8080-exec-1] o.s.s.w.u.m.MediaTypeRequestMatcher      : Processing */*;q=0.8
2025-06-19 11:39:52.856 DEBUG 23548 --- [http-nio-8080-exec-1] o.s.s.w.u.m.MediaTypeRequestMatcher      : Ignoring
2025-06-19 11:39:52.856 DEBUG 23548 --- [http-nio-8080-exec-1] o.s.s.w.u.m.MediaTypeRequestMatcher      : Did not match any media types
2025-06-19 11:39:52.856 DEBUG 23548 --- [http-nio-8080-exec-1] o.s.s.w.u.matcher.NegatedRequestMatcher  : matches = true
2025-06-19 11:39:52.856 DEBUG 23548 --- [http-nio-8080-exec-1] o.s.s.w.util.matcher.AndRequestMatcher   : Trying to match using NegatedRequestMatcher [requestMatcher=RequestHeaderRequestMatcher [expectedHeaderName=X-Requested-With, expectedHeaderValue=XMLHttpRequest]]
2025-06-19 11:39:52.856 DEBUG 23548 --- [http-nio-8080-exec-1] o.s.s.w.u.matcher.NegatedRequestMatcher  : matches = true
2025-06-19 11:39:52.856 DEBUG 23548 --- [http-nio-8080-exec-1] o.s.s.w.util.matcher.AndRequestMatcher   : All requestMatchers returned true
2025-06-19 11:39:52.896 DEBUG 23548 --- [http-nio-8080-exec-1] o.s.s.w.s.HttpSessionRequestCache        : DefaultSavedRequest added to Session: DefaultSavedRequest[http://localhost:8080/details]
2025-06-19 11:39:52.896 DEBUG 23548 --- [http-nio-8080-exec-1] o.s.s.w.a.ExceptionTranslationFilter     : Calling Authentication entry point.
2025-06-19 11:39:52.896 DEBUG 23548 --- [http-nio-8080-exec-1] s.w.a.DelegatingAuthenticationEntryPoint : Trying to match using AndRequestMatcher [requestMatchers=[NegatedRequestMatcher [requestMatcher=RequestHeaderRequestMatcher [expectedHeaderName=X-Requested-With, expectedHeaderValue=XMLHttpRequest]], MediaTypeRequestMatcher [contentNegotiationStrategy=org.springframework.web.accept.ContentNegotiationManager@81d2084, matchingMediaTypes=[application/xhtml+xml, image/*, text/html, text/plain], useEquals=false, ignoredMediaTypes=[*/*]]]]
2025-06-19 11:39:52.896 DEBUG 23548 --- [http-nio-8080-exec-1] o.s.s.w.util.matcher.AndRequestMatcher   : Trying to match using NegatedRequestMatcher [requestMatcher=RequestHeaderRequestMatcher [expectedHeaderName=X-Requested-With, expectedHeaderValue=XMLHttpRequest]]
2025-06-19 11:39:52.896 DEBUG 23548 --- [http-nio-8080-exec-1] o.s.s.w.u.matcher.NegatedRequestMatcher  : matches = true
2025-06-19 11:39:52.896 DEBUG 23548 --- [http-nio-8080-exec-1] o.s.s.w.util.matcher.AndRequestMatcher   : Trying to match using MediaTypeRequestMatcher [contentNegotiationStrategy=org.springframework.web.accept.ContentNegotiationManager@81d2084, matchingMediaTypes=[application/xhtml+xml, image/*, text/html, text/plain], useEquals=false, ignoredMediaTypes=[*/*]]
2025-06-19 11:39:52.897 DEBUG 23548 --- [http-nio-8080-exec-1] o.s.s.w.u.m.MediaTypeRequestMatcher      : httpRequestMediaTypes=[text/html, application/xhtml+xml, image/avif, image/webp, image/apng, application/xml;q=0.9, application/signed-exchange;v=b3;q=0.7, */*;q=0.8]
2025-06-19 11:39:52.897 DEBUG 23548 --- [http-nio-8080-exec-1] o.s.s.w.u.m.MediaTypeRequestMatcher      : Processing text/html
2025-06-19 11:39:52.897 DEBUG 23548 --- [http-nio-8080-exec-1] o.s.s.w.u.m.MediaTypeRequestMatcher      : application/xhtml+xml .isCompatibleWith text/html = false
2025-06-19 11:39:52.897 DEBUG 23548 --- [http-nio-8080-exec-1] o.s.s.w.u.m.MediaTypeRequestMatcher      : image/* .isCompatibleWith text/html = false
2025-06-19 11:39:52.897 DEBUG 23548 --- [http-nio-8080-exec-1] o.s.s.w.u.m.MediaTypeRequestMatcher      : text/html .isCompatibleWith text/html = true
2025-06-19 11:39:52.897 DEBUG 23548 --- [http-nio-8080-exec-1] o.s.s.w.util.matcher.AndRequestMatcher   : All requestMatchers returned true
2025-06-19 11:39:52.897 DEBUG 23548 --- [http-nio-8080-exec-1] s.w.a.DelegatingAuthenticationEntryPoint : Match found! Executing org.springframework.security.web.authentication.LoginUrlAuthenticationEntryPoint@85a4e8
2025-06-19 11:39:52.897 DEBUG 23548 --- [http-nio-8080-exec-1] o.s.s.web.DefaultRedirectStrategy        : Redirecting to 'http://localhost:8080/login'
2025-06-19 11:39:52.897 DEBUG 23548 --- [http-nio-8080-exec-1] o.s.s.w.header.writers.HstsHeaderWriter  : Not injecting HSTS header since it did not match the requestMatcher org.springframework.security.web.header.writers.HstsHeaderWriter$SecureRequestMatcher@5fe7b841
2025-06-19 11:39:52.897 DEBUG 23548 --- [http-nio-8080-exec-1] w.c.HttpSessionSecurityContextRepository : SecurityContext is empty or contents are anonymous - context will not be stored in HttpSession.
2025-06-19 11:39:52.902 DEBUG 23548 --- [http-nio-8080-exec-1] s.s.w.c.SecurityContextPersistenceFilter : SecurityContextHolder now cleared, as request processing completed
2025-06-19 11:39:52.913 DEBUG 23548 --- [http-nio-8080-exec-2] o.s.security.web.FilterChainProxy        : /login at position 1 of 15 in additional filter chain; firing Filter: 'WebAsyncManagerIntegrationFilter'
2025-06-19 11:39:52.913 DEBUG 23548 --- [http-nio-8080-exec-2] o.s.security.web.FilterChainProxy        : /login at position 2 of 15 in additional filter chain; firing Filter: 'SecurityContextPersistenceFilter'
2025-06-19 11:39:52.913 DEBUG 23548 --- [http-nio-8080-exec-2] w.c.HttpSessionSecurityContextRepository : HttpSession returned null object for SPRING_SECURITY_CONTEXT
2025-06-19 11:39:52.913 DEBUG 23548 --- [http-nio-8080-exec-2] w.c.HttpSessionSecurityContextRepository : No SecurityContext was available from the HttpSession: org.apache.catalina.session.StandardSessionFacade@62d78e73. A new one will be created.
2025-06-19 11:39:52.913 DEBUG 23548 --- [http-nio-8080-exec-2] o.s.security.web.FilterChainProxy        : /login at position 3 of 15 in additional filter chain; firing Filter: 'HeaderWriterFilter'
2025-06-19 11:39:52.913 DEBUG 23548 --- [http-nio-8080-exec-2] o.s.security.web.FilterChainProxy        : /login at position 4 of 15 in additional filter chain; firing Filter: 'CsrfFilter'
2025-06-19 11:39:52.913 DEBUG 23548 --- [http-nio-8080-exec-2] o.s.security.web.FilterChainProxy        : /login at position 5 of 15 in additional filter chain; firing Filter: 'LogoutFilter'
2025-06-19 11:39:52.913 DEBUG 23548 --- [http-nio-8080-exec-2] o.s.s.w.u.matcher.AntPathRequestMatcher  : Request 'GET /login' doesn't match 'POST /logout'
2025-06-19 11:39:52.913 DEBUG 23548 --- [http-nio-8080-exec-2] o.s.security.web.FilterChainProxy        : /login at position 6 of 15 in additional filter chain; firing Filter: 'UsernamePasswordAuthenticationFilter'
2025-06-19 11:39:52.913 DEBUG 23548 --- [http-nio-8080-exec-2] o.s.s.w.u.matcher.AntPathRequestMatcher  : Request 'GET /login' doesn't match 'POST /login'
2025-06-19 11:39:52.913 DEBUG 23548 --- [http-nio-8080-exec-2] o.s.security.web.FilterChainProxy        : /login at position 7 of 15 in additional filter chain; firing Filter: 'DefaultLoginPageGeneratingFilter'
2025-06-19 11:39:52.918 DEBUG 23548 --- [http-nio-8080-exec-2] o.s.s.w.header.writers.HstsHeaderWriter  : Not injecting HSTS header since it did not match the requestMatcher org.springframework.security.web.header.writers.HstsHeaderWriter$SecureRequestMatcher@5fe7b841
2025-06-19 11:39:52.918 DEBUG 23548 --- [http-nio-8080-exec-2] w.c.HttpSessionSecurityContextRepository : SecurityContext is empty or contents are anonymous - context will not be stored in HttpSession.
2025-06-19 11:39:52.918 DEBUG 23548 --- [http-nio-8080-exec-2] s.s.w.c.SecurityContextPersistenceFilter : SecurityContextHolder now cleared, as request processing completed
2025-06-19 11:39:55.134 DEBUG 23548 --- [http-nio-8080-exec-3] o.s.security.web.FilterChainProxy        : /favicon.ico at position 1 of 15 in additional filter chain; firing Filter: 'WebAsyncManagerIntegrationFilter'
2025-06-19 11:39:55.136 DEBUG 23548 --- [http-nio-8080-exec-3] o.s.security.web.FilterChainProxy        : /favicon.ico at position 2 of 15 in additional filter chain; firing Filter: 'SecurityContextPersistenceFilter'
2025-06-19 11:39:55.136 DEBUG 23548 --- [http-nio-8080-exec-3] w.c.HttpSessionSecurityContextRepository : HttpSession returned null object for SPRING_SECURITY_CONTEXT
2025-06-19 11:39:55.136 DEBUG 23548 --- [http-nio-8080-exec-3] w.c.HttpSessionSecurityContextRepository : No SecurityContext was available from the HttpSession: org.apache.catalina.session.StandardSessionFacade@62d78e73. A new one will be created.
2025-06-19 11:39:55.136 DEBUG 23548 --- [http-nio-8080-exec-3] o.s.security.web.FilterChainProxy        : /favicon.ico at position 3 of 15 in additional filter chain; firing Filter: 'HeaderWriterFilter'
2025-06-19 11:39:55.136 DEBUG 23548 --- [http-nio-8080-exec-3] o.s.security.web.FilterChainProxy        : /favicon.ico at position 4 of 15 in additional filter chain; firing Filter: 'CsrfFilter'
2025-06-19 11:39:55.138 DEBUG 23548 --- [http-nio-8080-exec-3] o.s.security.web.FilterChainProxy        : /favicon.ico at position 5 of 15 in additional filter chain; firing Filter: 'LogoutFilter'
2025-06-19 11:39:55.138 DEBUG 23548 --- [http-nio-8080-exec-3] o.s.s.w.u.matcher.AntPathRequestMatcher  : Request 'GET /favicon.ico' doesn't match 'POST /logout'
2025-06-19 11:39:55.138 DEBUG 23548 --- [http-nio-8080-exec-3] o.s.security.web.FilterChainProxy        : /favicon.ico at position 6 of 15 in additional filter chain; firing Filter: 'UsernamePasswordAuthenticationFilter'
2025-06-19 11:39:55.138 DEBUG 23548 --- [http-nio-8080-exec-3] o.s.s.w.u.matcher.AntPathRequestMatcher  : Request 'GET /favicon.ico' doesn't match 'POST /login'
2025-06-19 11:39:55.138 DEBUG 23548 --- [http-nio-8080-exec-3] o.s.security.web.FilterChainProxy        : /favicon.ico at position 7 of 15 in additional filter chain; firing Filter: 'DefaultLoginPageGeneratingFilter'
2025-06-19 11:39:55.138 DEBUG 23548 --- [http-nio-8080-exec-3] o.s.security.web.FilterChainProxy        : /favicon.ico at position 8 of 15 in additional filter chain; firing Filter: 'DefaultLogoutPageGeneratingFilter'
2025-06-19 11:39:55.140 DEBUG 23548 --- [http-nio-8080-exec-3] o.s.s.w.u.matcher.AntPathRequestMatcher  : Checking match of request : '/favicon.ico'; against '/logout'
2025-06-19 11:39:55.140 DEBUG 23548 --- [http-nio-8080-exec-3] o.s.security.web.FilterChainProxy        : /favicon.ico at position 9 of 15 in additional filter chain; firing Filter: 'BasicAuthenticationFilter'
2025-06-19 11:39:55.140 DEBUG 23548 --- [http-nio-8080-exec-3] o.s.security.web.FilterChainProxy        : /favicon.ico at position 10 of 15 in additional filter chain; firing Filter: 'RequestCacheAwareFilter'
2025-06-19 11:39:55.140 DEBUG 23548 --- [http-nio-8080-exec-3] o.s.s.w.s.DefaultSavedRequest            : pathInfo: both null (property equals)
2025-06-19 11:39:55.140 DEBUG 23548 --- [http-nio-8080-exec-3] o.s.s.w.s.DefaultSavedRequest            : queryString: both null (property equals)
2025-06-19 11:39:55.140 DEBUG 23548 --- [http-nio-8080-exec-3] o.s.s.w.s.DefaultSavedRequest            : requestURI: arg1=/details; arg2=/favicon.ico (property not equals)
2025-06-19 11:39:55.140 DEBUG 23548 --- [http-nio-8080-exec-3] o.s.s.w.s.HttpSessionRequestCache        : saved request doesn't match
2025-06-19 11:39:55.140 DEBUG 23548 --- [http-nio-8080-exec-3] o.s.security.web.FilterChainProxy        : /favicon.ico at position 11 of 15 in additional filter chain; firing Filter: 'SecurityContextHolderAwareRequestFilter'
2025-06-19 11:39:55.140 DEBUG 23548 --- [http-nio-8080-exec-3] o.s.security.web.FilterChainProxy        : /favicon.ico at position 12 of 15 in additional filter chain; firing Filter: 'AnonymousAuthenticationFilter'
2025-06-19 11:39:55.140 DEBUG 23548 --- [http-nio-8080-exec-3] o.s.s.w.a.AnonymousAuthenticationFilter  : Populated SecurityContextHolder with anonymous token: 'org.springframework.security.authentication.AnonymousAuthenticationToken@a8bc4b21: Principal: anonymousUser; Credentials: [PROTECTED]; Authenticated: true; Details: org.springframework.security.web.authentication.WebAuthenticationDetails@0: RemoteIpAddress: 0:0:0:0:0:0:0:1; SessionId: 0B235E7AB250438DABF5D118A3940F36; Granted Authorities: ROLE_ANONYMOUS'
2025-06-19 11:39:55.140 DEBUG 23548 --- [http-nio-8080-exec-3] o.s.security.web.FilterChainProxy        : /favicon.ico at position 13 of 15 in additional filter chain; firing Filter: 'SessionManagementFilter'
2025-06-19 11:39:55.140 DEBUG 23548 --- [http-nio-8080-exec-3] o.s.security.web.FilterChainProxy        : /favicon.ico at position 14 of 15 in additional filter chain; firing Filter: 'ExceptionTranslationFilter'
2025-06-19 11:39:55.140 DEBUG 23548 --- [http-nio-8080-exec-3] o.s.security.web.FilterChainProxy        : /favicon.ico at position 15 of 15 in additional filter chain; firing Filter: 'FilterSecurityInterceptor'
2025-06-19 11:39:55.148 DEBUG 23548 --- [http-nio-8080-exec-3] o.s.s.web.util.matcher.OrRequestMatcher  : Trying to match using Mvc [pattern='/details/health/**']
2025-06-19 11:39:55.152 DEBUG 23548 --- [http-nio-8080-exec-3] o.s.w.s.handler.SimpleUrlHandlerMapping  : Mapped to ResourceHttpRequestHandler [class path resource [META-INF/resources/], class path resource [resources/], class path resource [static/], class path resource [public/], ServletContext resource [/], class path resource []]
2025-06-19 11:39:55.154 DEBUG 23548 --- [http-nio-8080-exec-3] o.s.s.web.util.matcher.OrRequestMatcher  : Trying to match using Mvc [pattern='/details/info/**']
2025-06-19 11:39:55.154 DEBUG 23548 --- [http-nio-8080-exec-3] o.s.w.s.handler.SimpleUrlHandlerMapping  : Mapped to ResourceHttpRequestHandler [class path resource [META-INF/resources/], class path resource [resources/], class path resource [static/], class path resource [public/], ServletContext resource [/], class path resource []]
2025-06-19 11:39:55.154 DEBUG 23548 --- [http-nio-8080-exec-3] o.s.s.web.util.matcher.OrRequestMatcher  : No matches found
2025-06-19 11:39:55.154 DEBUG 23548 --- [http-nio-8080-exec-3] o.s.s.w.a.i.FilterSecurityInterceptor    : Secure object: FilterInvocation: URL: /favicon.ico; Attributes: [authenticated]
2025-06-19 11:39:55.154 DEBUG 23548 --- [http-nio-8080-exec-3] o.s.s.w.a.i.FilterSecurityInterceptor    : Previously Authenticated: org.springframework.security.authentication.AnonymousAuthenticationToken@a8bc4b21: Principal: anonymousUser; Credentials: [PROTECTED]; Authenticated: true; Details: org.springframework.security.web.authentication.WebAuthenticationDetails@0: RemoteIpAddress: 0:0:0:0:0:0:0:1; SessionId: 0B235E7AB250438DABF5D118A3940F36; Granted Authorities: ROLE_ANONYMOUS
2025-06-19 11:39:55.154 DEBUG 23548 --- [http-nio-8080-exec-3] o.s.s.access.vote.AffirmativeBased       : Voter: org.springframework.security.web.access.expression.WebExpressionVoter@5f722e94, returned: -1
2025-06-19 11:39:55.158 DEBUG 23548 --- [http-nio-8080-exec-3] o.s.s.w.a.ExceptionTranslationFilter     : Access is denied (user is anonymous); redirecting to authentication entry point

org.springframework.security.access.AccessDeniedException: Access is denied
	at org.springframework.security.access.vote.AffirmativeBased.decide(AffirmativeBased.java:84) ~[spring-security-core-5.1.5.RELEASE.jar:5.1.5.RELEASE]
	at org.springframework.security.access.intercept.AbstractSecurityInterceptor.beforeInvocation(AbstractSecurityInterceptor.java:233) ~[spring-security-core-5.1.5.RELEASE.jar:5.1.5.RELEASE]
	at org.springframework.security.web.access.intercept.FilterSecurityInterceptor.invoke(FilterSecurityInterceptor.java:124) ~[spring-security-web-5.1.5.RELEASE.jar:5.1.5.RELEASE]
	at org.springframework.security.web.access.intercept.FilterSecurityInterceptor.doFilter(FilterSecurityInterceptor.java:91) ~[spring-security-web-5.1.5.RELEASE.jar:5.1.5.RELEASE]
	at org.springframework.security.web.FilterChainProxy$VirtualFilterChain.doFilter(FilterChainProxy.java:334) ~[spring-security-web-5.1.5.RELEASE.jar:5.1.5.RELEASE]
	at org.springframework.security.web.access.ExceptionTranslationFilter.doFilter(ExceptionTranslationFilter.java:119) ~[spring-security-web-5.1.5.RELEASE.jar:5.1.5.RELEASE]
	at org.springframework.security.web.FilterChainProxy$VirtualFilterChain.doFilter(FilterChainProxy.java:334) ~[spring-security-web-5.1.5.RELEASE.jar:5.1.5.RELEASE]
	at org.springframework.security.web.session.SessionManagementFilter.doFilter(SessionManagementFilter.java:137) ~[spring-security-web-5.1.5.RELEASE.jar:5.1.5.RELEASE]
	at org.springframework.security.web.FilterChainProxy$VirtualFilterChain.doFilter(FilterChainProxy.java:334) ~[spring-security-web-5.1.5.RELEASE.jar:5.1.5.RELEASE]
	at org.springframework.security.web.authentication.AnonymousAuthenticationFilter.doFilter(AnonymousAuthenticationFilter.java:111) ~[spring-security-web-5.1.5.RELEASE.jar:5.1.5.RELEASE]
	at org.springframework.security.web.FilterChainProxy$VirtualFilterChain.doFilter(FilterChainProxy.java:334) ~[spring-security-web-5.1.5.RELEASE.jar:5.1.5.RELEASE]
	at org.springframework.security.web.servletapi.SecurityContextHolderAwareRequestFilter.doFilter(SecurityContextHolderAwareRequestFilter.java:170) ~[spring-security-web-5.1.5.RELEASE.jar:5.1.5.RELEASE]
	at org.springframework.security.web.FilterChainProxy$VirtualFilterChain.doFilter(FilterChainProxy.java:334) ~[spring-security-web-5.1.5.RELEASE.jar:5.1.5.RELEASE]
	at org.springframework.security.web.savedrequest.RequestCacheAwareFilter.doFilter(RequestCacheAwareFilter.java:63) ~[spring-security-web-5.1.5.RELEASE.jar:5.1.5.RELEASE]
	at org.springframework.security.web.FilterChainProxy$VirtualFilterChain.doFilter(FilterChainProxy.java:334) ~[spring-security-web-5.1.5.RELEASE.jar:5.1.5.RELEASE]
	at org.springframework.security.web.authentication.www.BasicAuthenticationFilter.doFilterInternal(BasicAuthenticationFilter.java:158) ~[spring-security-web-5.1.5.RELEASE.jar:5.1.5.RELEASE]
	at org.springframework.web.filter.OncePerRequestFilter.doFilter(OncePerRequestFilter.java:109) ~[spring-web-5.1.8.RELEASE.jar:5.1.8.RELEASE]
	at org.springframework.security.web.FilterChainProxy$VirtualFilterChain.doFilter(FilterChainProxy.java:334) ~[spring-security-web-5.1.5.RELEASE.jar:5.1.5.RELEASE]
	at org.springframework.security.web.authentication.ui.DefaultLogoutPageGeneratingFilter.doFilterInternal(DefaultLogoutPageGeneratingFilter.java:52) ~[spring-security-web-5.1.5.RELEASE.jar:5.1.5.RELEASE]
	at org.springframework.web.filter.OncePerRequestFilter.doFilter(OncePerRequestFilter.java:109) ~[spring-web-5.1.8.RELEASE.jar:5.1.8.RELEASE]
	at org.springframework.security.web.FilterChainProxy$VirtualFilterChain.doFilter(FilterChainProxy.java:334) ~[spring-security-web-5.1.5.RELEASE.jar:5.1.5.RELEASE]
	at org.springframework.security.web.authentication.ui.DefaultLoginPageGeneratingFilter.doFilter(DefaultLoginPageGeneratingFilter.java:206) ~[spring-security-web-5.1.5.RELEASE.jar:5.1.5.RELEASE]
	at org.springframework.security.web.FilterChainProxy$VirtualFilterChain.doFilter(FilterChainProxy.java:334) ~[spring-security-web-5.1.5.RELEASE.jar:5.1.5.RELEASE]
	at org.springframework.security.web.authentication.AbstractAuthenticationProcessingFilter.doFilter(AbstractAuthenticationProcessingFilter.java:200) ~[spring-security-web-5.1.5.RELEASE.jar:5.1.5.RELEASE]
	at org.springframework.security.web.FilterChainProxy$VirtualFilterChain.doFilter(FilterChainProxy.java:334) ~[spring-security-web-5.1.5.RELEASE.jar:5.1.5.RELEASE]
	at org.springframework.security.web.authentication.logout.LogoutFilter.doFilter(LogoutFilter.java:116) ~[spring-security-web-5.1.5.RELEASE.jar:5.1.5.RELEASE]
	at org.springframework.security.web.FilterChainProxy$VirtualFilterChain.doFilter(FilterChainProxy.java:334) ~[spring-security-web-5.1.5.RELEASE.jar:5.1.5.RELEASE]
	at org.springframework.security.web.csrf.CsrfFilter.doFilterInternal(CsrfFilter.java:100) ~[spring-security-web-5.1.5.RELEASE.jar:5.1.5.RELEASE]
	at org.springframework.web.filter.OncePerRequestFilter.doFilter(OncePerRequestFilter.java:109) ~[spring-web-5.1.8.RELEASE.jar:5.1.8.RELEASE]
	at org.springframework.security.web.FilterChainProxy$VirtualFilterChain.doFilter(FilterChainProxy.java:334) ~[spring-security-web-5.1.5.RELEASE.jar:5.1.5.RELEASE]
	at org.springframework.security.web.header.HeaderWriterFilter.doFilterInternal(HeaderWriterFilter.java:74) ~[spring-security-web-5.1.5.RELEASE.jar:5.1.5.RELEASE]
	at org.springframework.web.filter.OncePerRequestFilter.doFilter(OncePerRequestFilter.java:109) ~[spring-web-5.1.8.RELEASE.jar:5.1.8.RELEASE]
	at org.springframework.security.web.FilterChainProxy$VirtualFilterChain.doFilter(FilterChainProxy.java:334) ~[spring-security-web-5.1.5.RELEASE.jar:5.1.5.RELEASE]
	at org.springframework.security.web.context.SecurityContextPersistenceFilter.doFilter(SecurityContextPersistenceFilter.java:105) ~[spring-security-web-5.1.5.RELEASE.jar:5.1.5.RELEASE]
	at org.springframework.security.web.FilterChainProxy$VirtualFilterChain.doFilter(FilterChainProxy.java:334) ~[spring-security-web-5.1.5.RELEASE.jar:5.1.5.RELEASE]
	at org.springframework.security.web.context.request.async.WebAsyncManagerIntegrationFilter.doFilterInternal(WebAsyncManagerIntegrationFilter.java:56) ~[spring-security-web-5.1.5.RELEASE.jar:5.1.5.RELEASE]
	at org.springframework.web.filter.OncePerRequestFilter.doFilter(OncePerRequestFilter.java:109) ~[spring-web-5.1.8.RELEASE.jar:5.1.8.RELEASE]
	at org.springframework.security.web.FilterChainProxy$VirtualFilterChain.doFilter(FilterChainProxy.java:334) ~[spring-security-web-5.1.5.RELEASE.jar:5.1.5.RELEASE]
	at org.springframework.security.web.FilterChainProxy.doFilterInternal(FilterChainProxy.java:215) ~[spring-security-web-5.1.5.RELEASE.jar:5.1.5.RELEASE]
	at org.springframework.security.web.FilterChainProxy.doFilter(FilterChainProxy.java:178) ~[spring-security-web-5.1.5.RELEASE.jar:5.1.5.RELEASE]
	at org.springframework.web.filter.DelegatingFilterProxy.invokeDelegate(DelegatingFilterProxy.java:357) ~[spring-web-5.1.8.RELEASE.jar:5.1.8.RELEASE]
	at org.springframework.web.filter.DelegatingFilterProxy.doFilter(DelegatingFilterProxy.java:270) ~[spring-web-5.1.8.RELEASE.jar:5.1.8.RELEASE]
	at org.apache.catalina.core.ApplicationFilterChain.internalDoFilter(ApplicationFilterChain.java:193) ~[tomcat-embed-core-9.0.21.jar:9.0.21]
	at org.apache.catalina.core.ApplicationFilterChain.doFilter(ApplicationFilterChain.java:166) ~[tomcat-embed-core-9.0.21.jar:9.0.21]
	at org.springframework.web.filter.RequestContextFilter.doFilterInternal(RequestContextFilter.java:99) ~[spring-web-5.1.8.RELEASE.jar:5.1.8.RELEASE]
	at org.springframework.web.filter.OncePerRequestFilter.doFilter(OncePerRequestFilter.java:109) ~[spring-web-5.1.8.RELEASE.jar:5.1.8.RELEASE]
	at org.apache.catalina.core.ApplicationFilterChain.internalDoFilter(ApplicationFilterChain.java:193) ~[tomcat-embed-core-9.0.21.jar:9.0.21]
	at org.apache.catalina.core.ApplicationFilterChain.doFilter(ApplicationFilterChain.java:166) ~[tomcat-embed-core-9.0.21.jar:9.0.21]
	at org.springframework.web.filter.FormContentFilter.doFilterInternal(FormContentFilter.java:92) ~[spring-web-5.1.8.RELEASE.jar:5.1.8.RELEASE]
	at org.springframework.web.filter.OncePerRequestFilter.doFilter(OncePerRequestFilter.java:109) ~[spring-web-5.1.8.RELEASE.jar:5.1.8.RELEASE]
	at org.apache.catalina.core.ApplicationFilterChain.internalDoFilter(ApplicationFilterChain.java:193) ~[tomcat-embed-core-9.0.21.jar:9.0.21]
	at org.apache.catalina.core.ApplicationFilterChain.doFilter(ApplicationFilterChain.java:166) ~[tomcat-embed-core-9.0.21.jar:9.0.21]
	at org.springframework.web.filter.HiddenHttpMethodFilter.doFilterInternal(HiddenHttpMethodFilter.java:93) ~[spring-web-5.1.8.RELEASE.jar:5.1.8.RELEASE]
	at org.springframework.web.filter.OncePerRequestFilter.doFilter(OncePerRequestFilter.java:109) ~[spring-web-5.1.8.RELEASE.jar:5.1.8.RELEASE]
	at org.apache.catalina.core.ApplicationFilterChain.internalDoFilter(ApplicationFilterChain.java:193) ~[tomcat-embed-core-9.0.21.jar:9.0.21]
	at org.apache.catalina.core.ApplicationFilterChain.doFilter(ApplicationFilterChain.java:166) ~[tomcat-embed-core-9.0.21.jar:9.0.21]
	at org.springframework.boot.actuate.metrics.web.servlet.WebMvcMetricsFilter.filterAndRecordMetrics(WebMvcMetricsFilter.java:114) ~[spring-boot-actuator-2.1.6.RELEASE.jar:2.1.6.RELEASE]
	at org.springframework.boot.actuate.metrics.web.servlet.WebMvcMetricsFilter.doFilterInternal(WebMvcMetricsFilter.java:104) ~[spring-boot-actuator-2.1.6.RELEASE.jar:2.1.6.RELEASE]
	at org.springframework.web.filter.OncePerRequestFilter.doFilter(OncePerRequestFilter.java:109) ~[spring-web-5.1.8.RELEASE.jar:5.1.8.RELEASE]
	at org.apache.catalina.core.ApplicationFilterChain.internalDoFilter(ApplicationFilterChain.java:193) ~[tomcat-embed-core-9.0.21.jar:9.0.21]
	at org.apache.catalina.core.ApplicationFilterChain.doFilter(ApplicationFilterChain.java:166) ~[tomcat-embed-core-9.0.21.jar:9.0.21]
	at org.springframework.web.filter.CharacterEncodingFilter.doFilterInternal(CharacterEncodingFilter.java:200) ~[spring-web-5.1.8.RELEASE.jar:5.1.8.RELEASE]
	at org.springframework.web.filter.OncePerRequestFilter.doFilter(OncePerRequestFilter.java:109) ~[spring-web-5.1.8.RELEASE.jar:5.1.8.RELEASE]
	at org.apache.catalina.core.ApplicationFilterChain.internalDoFilter(ApplicationFilterChain.java:193) ~[tomcat-embed-core-9.0.21.jar:9.0.21]
	at org.apache.catalina.core.ApplicationFilterChain.doFilter(ApplicationFilterChain.java:166) ~[tomcat-embed-core-9.0.21.jar:9.0.21]
	at org.apache.catalina.core.StandardWrapperValve.invoke(StandardWrapperValve.java:202) ~[tomcat-embed-core-9.0.21.jar:9.0.21]
	at org.apache.catalina.core.StandardContextValve.invoke(StandardContextValve.java:96) ~[tomcat-embed-core-9.0.21.jar:9.0.21]
	at org.apache.catalina.authenticator.AuthenticatorBase.invoke(AuthenticatorBase.java:490) ~[tomcat-embed-core-9.0.21.jar:9.0.21]
	at org.apache.catalina.core.StandardHostValve.invoke(StandardHostValve.java:139) ~[tomcat-embed-core-9.0.21.jar:9.0.21]
	at org.apache.catalina.valves.ErrorReportValve.invoke(ErrorReportValve.java:92) ~[tomcat-embed-core-9.0.21.jar:9.0.21]
	at org.apache.catalina.core.StandardEngineValve.invoke(StandardEngineValve.java:74) ~[tomcat-embed-core-9.0.21.jar:9.0.21]
	at org.apache.catalina.connector.CoyoteAdapter.service(CoyoteAdapter.java:343) ~[tomcat-embed-core-9.0.21.jar:9.0.21]
	at org.apache.coyote.http11.Http11Processor.service(Http11Processor.java:408) ~[tomcat-embed-core-9.0.21.jar:9.0.21]
	at org.apache.coyote.AbstractProcessorLight.process(AbstractProcessorLight.java:66) ~[tomcat-embed-core-9.0.21.jar:9.0.21]
	at org.apache.coyote.AbstractProtocol$ConnectionHandler.process(AbstractProtocol.java:853) ~[tomcat-embed-core-9.0.21.jar:9.0.21]
	at org.apache.tomcat.util.net.NioEndpoint$SocketProcessor.doRun(NioEndpoint.java:1587) ~[tomcat-embed-core-9.0.21.jar:9.0.21]
	at org.apache.tomcat.util.net.SocketProcessorBase.run(SocketProcessorBase.java:49) ~[tomcat-embed-core-9.0.21.jar:9.0.21]
	at java.base/java.util.concurrent.ThreadPoolExecutor.runWorker(ThreadPoolExecutor.java:1144) ~[na:na]
	at java.base/java.util.concurrent.ThreadPoolExecutor$Worker.run(ThreadPoolExecutor.java:642) ~[na:na]
	at org.apache.tomcat.util.threads.TaskThread$WrappingRunnable.run(TaskThread.java:61) ~[tomcat-embed-core-9.0.21.jar:9.0.21]
	at java.base/java.lang.Thread.run(Thread.java:1583) ~[na:na]

2025-06-19 11:39:55.168 DEBUG 23548 --- [http-nio-8080-exec-3] o.s.s.w.util.matcher.AndRequestMatcher   : Trying to match using Ant [pattern='/**', GET]
2025-06-19 11:39:55.168 DEBUG 23548 --- [http-nio-8080-exec-3] o.s.s.w.u.matcher.AntPathRequestMatcher  : Request '/favicon.ico' matched by universal pattern '/**'
2025-06-19 11:39:55.168 DEBUG 23548 --- [http-nio-8080-exec-3] o.s.s.w.util.matcher.AndRequestMatcher   : Trying to match using NegatedRequestMatcher [requestMatcher=Ant [pattern='/**/favicon.*']]
2025-06-19 11:39:55.170 DEBUG 23548 --- [http-nio-8080-exec-3] o.s.s.w.u.matcher.AntPathRequestMatcher  : Checking match of request : '/favicon.ico'; against '/**/favicon.*'
2025-06-19 11:39:55.170 DEBUG 23548 --- [http-nio-8080-exec-3] o.s.s.w.u.matcher.NegatedRequestMatcher  : matches = false
2025-06-19 11:39:55.170 DEBUG 23548 --- [http-nio-8080-exec-3] o.s.s.w.util.matcher.AndRequestMatcher   : Did not match
2025-06-19 11:39:55.170 DEBUG 23548 --- [http-nio-8080-exec-3] o.s.s.w.s.HttpSessionRequestCache        : Request not saved as configured RequestMatcher did not match
2025-06-19 11:39:55.170 DEBUG 23548 --- [http-nio-8080-exec-3] o.s.s.w.a.ExceptionTranslationFilter     : Calling Authentication entry point.
2025-06-19 11:39:55.170 DEBUG 23548 --- [http-nio-8080-exec-3] s.w.a.DelegatingAuthenticationEntryPoint : Trying to match using AndRequestMatcher [requestMatchers=[NegatedRequestMatcher [requestMatcher=RequestHeaderRequestMatcher [expectedHeaderName=X-Requested-With, expectedHeaderValue=XMLHttpRequest]], MediaTypeRequestMatcher [contentNegotiationStrategy=org.springframework.web.accept.ContentNegotiationManager@81d2084, matchingMediaTypes=[application/xhtml+xml, image/*, text/html, text/plain], useEquals=false, ignoredMediaTypes=[*/*]]]]
2025-06-19 11:39:55.170 DEBUG 23548 --- [http-nio-8080-exec-3] o.s.s.w.util.matcher.AndRequestMatcher   : Trying to match using NegatedRequestMatcher [requestMatcher=RequestHeaderRequestMatcher [expectedHeaderName=X-Requested-With, expectedHeaderValue=XMLHttpRequest]]
2025-06-19 11:39:55.170 DEBUG 23548 --- [http-nio-8080-exec-3] o.s.s.w.u.matcher.NegatedRequestMatcher  : matches = true
2025-06-19 11:39:55.170 DEBUG 23548 --- [http-nio-8080-exec-3] o.s.s.w.util.matcher.AndRequestMatcher   : Trying to match using MediaTypeRequestMatcher [contentNegotiationStrategy=org.springframework.web.accept.ContentNegotiationManager@81d2084, matchingMediaTypes=[application/xhtml+xml, image/*, text/html, text/plain], useEquals=false, ignoredMediaTypes=[*/*]]
2025-06-19 11:39:55.170 DEBUG 23548 --- [http-nio-8080-exec-3] o.s.s.w.u.m.MediaTypeRequestMatcher      : httpRequestMediaTypes=[image/avif, image/webp, image/apng, image/svg+xml, image/*, */*;q=0.8]
2025-06-19 11:39:55.172 DEBUG 23548 --- [http-nio-8080-exec-3] o.s.s.w.u.m.MediaTypeRequestMatcher      : Processing image/avif
2025-06-19 11:39:55.172 DEBUG 23548 --- [http-nio-8080-exec-3] o.s.s.w.u.m.MediaTypeRequestMatcher      : application/xhtml+xml .isCompatibleWith image/avif = false
2025-06-19 11:39:55.172 DEBUG 23548 --- [http-nio-8080-exec-3] o.s.s.w.u.m.MediaTypeRequestMatcher      : image/* .isCompatibleWith image/avif = true
2025-06-19 11:39:55.172 DEBUG 23548 --- [http-nio-8080-exec-3] o.s.s.w.util.matcher.AndRequestMatcher   : All requestMatchers returned true
2025-06-19 11:39:55.172 DEBUG 23548 --- [http-nio-8080-exec-3] s.w.a.DelegatingAuthenticationEntryPoint : Match found! Executing org.springframework.security.web.authentication.LoginUrlAuthenticationEntryPoint@85a4e8
2025-06-19 11:39:55.172 DEBUG 23548 --- [http-nio-8080-exec-3] o.s.s.web.DefaultRedirectStrategy        : Redirecting to 'http://localhost:8080/login'
2025-06-19 11:39:55.172 DEBUG 23548 --- [http-nio-8080-exec-3] o.s.s.w.header.writers.HstsHeaderWriter  : Not injecting HSTS header since it did not match the requestMatcher org.springframework.security.web.header.writers.HstsHeaderWriter$SecureRequestMatcher@5fe7b841
2025-06-19 11:39:55.172 DEBUG 23548 --- [http-nio-8080-exec-3] w.c.HttpSessionSecurityContextRepository : SecurityContext is empty or contents are anonymous - context will not be stored in HttpSession.
2025-06-19 11:39:55.172 DEBUG 23548 --- [http-nio-8080-exec-3] s.s.w.c.SecurityContextPersistenceFilter : SecurityContextHolder now cleared, as request processing completed
2025-06-19 11:39:55.179 DEBUG 23548 --- [http-nio-8080-exec-4] o.s.security.web.FilterChainProxy        : /login at position 1 of 15 in additional filter chain; firing Filter: 'WebAsyncManagerIntegrationFilter'
2025-06-19 11:39:55.183 DEBUG 23548 --- [http-nio-8080-exec-4] o.s.security.web.FilterChainProxy        : /login at position 2 of 15 in additional filter chain; firing Filter: 'SecurityContextPersistenceFilter'
2025-06-19 11:39:55.183 DEBUG 23548 --- [http-nio-8080-exec-4] w.c.HttpSessionSecurityContextRepository : HttpSession returned null object for SPRING_SECURITY_CONTEXT
2025-06-19 11:39:55.183 DEBUG 23548 --- [http-nio-8080-exec-4] w.c.HttpSessionSecurityContextRepository : No SecurityContext was available from the HttpSession: org.apache.catalina.session.StandardSessionFacade@62d78e73. A new one will be created.
2025-06-19 11:39:55.183 DEBUG 23548 --- [http-nio-8080-exec-4] o.s.security.web.FilterChainProxy        : /login at position 3 of 15 in additional filter chain; firing Filter: 'HeaderWriterFilter'
2025-06-19 11:39:55.183 DEBUG 23548 --- [http-nio-8080-exec-4] o.s.security.web.FilterChainProxy        : /login at position 4 of 15 in additional filter chain; firing Filter: 'CsrfFilter'
2025-06-19 11:39:55.183 DEBUG 23548 --- [http-nio-8080-exec-4] o.s.security.web.FilterChainProxy        : /login at position 5 of 15 in additional filter chain; firing Filter: 'LogoutFilter'
2025-06-19 11:39:55.183 DEBUG 23548 --- [http-nio-8080-exec-4] o.s.s.w.u.matcher.AntPathRequestMatcher  : Request 'GET /login' doesn't match 'POST /logout'
2025-06-19 11:39:55.183 DEBUG 23548 --- [http-nio-8080-exec-4] o.s.security.web.FilterChainProxy        : /login at position 6 of 15 in additional filter chain; firing Filter: 'UsernamePasswordAuthenticationFilter'
2025-06-19 11:39:55.183 DEBUG 23548 --- [http-nio-8080-exec-4] o.s.s.w.u.matcher.AntPathRequestMatcher  : Request 'GET /login' doesn't match 'POST /login'
2025-06-19 11:39:55.185 DEBUG 23548 --- [http-nio-8080-exec-4] o.s.security.web.FilterChainProxy        : /login at position 7 of 15 in additional filter chain; firing Filter: 'DefaultLoginPageGeneratingFilter'
2025-06-19 11:39:55.185 DEBUG 23548 --- [http-nio-8080-exec-4] o.s.s.w.header.writers.HstsHeaderWriter  : Not injecting HSTS header since it did not match the requestMatcher org.springframework.security.web.header.writers.HstsHeaderWriter$SecureRequestMatcher@5fe7b841
2025-06-19 11:39:55.185 DEBUG 23548 --- [http-nio-8080-exec-4] w.c.HttpSessionSecurityContextRepository : SecurityContext is empty or contents are anonymous - context will not be stored in HttpSession.
2025-06-19 11:39:55.185 DEBUG 23548 --- [http-nio-8080-exec-4] s.s.w.c.SecurityContextPersistenceFilter : SecurityContextHolder now cleared, as request processing completed
2025-06-19 11:40:06.694 DEBUG 23548 --- [http-nio-8080-exec-5] o.s.security.web.FilterChainProxy        : /login at position 1 of 15 in additional filter chain; firing Filter: 'WebAsyncManagerIntegrationFilter'
2025-06-19 11:40:06.694 DEBUG 23548 --- [http-nio-8080-exec-5] o.s.security.web.FilterChainProxy        : /login at position 2 of 15 in additional filter chain; firing Filter: 'SecurityContextPersistenceFilter'
2025-06-19 11:40:06.694 DEBUG 23548 --- [http-nio-8080-exec-5] w.c.HttpSessionSecurityContextRepository : HttpSession returned null object for SPRING_SECURITY_CONTEXT
2025-06-19 11:40:06.694 DEBUG 23548 --- [http-nio-8080-exec-5] w.c.HttpSessionSecurityContextRepository : No SecurityContext was available from the HttpSession: org.apache.catalina.session.StandardSessionFacade@62d78e73. A new one will be created.
2025-06-19 11:40:06.694 DEBUG 23548 --- [http-nio-8080-exec-5] o.s.security.web.FilterChainProxy        : /login at position 3 of 15 in additional filter chain; firing Filter: 'HeaderWriterFilter'
2025-06-19 11:40:06.694 DEBUG 23548 --- [http-nio-8080-exec-5] o.s.security.web.FilterChainProxy        : /login at position 4 of 15 in additional filter chain; firing Filter: 'CsrfFilter'
2025-06-19 11:40:06.694 DEBUG 23548 --- [http-nio-8080-exec-5] o.s.security.web.FilterChainProxy        : /login at position 5 of 15 in additional filter chain; firing Filter: 'LogoutFilter'
2025-06-19 11:40:06.694 DEBUG 23548 --- [http-nio-8080-exec-5] o.s.s.w.u.matcher.AntPathRequestMatcher  : Checking match of request : '/login'; against '/logout'
2025-06-19 11:40:06.694 DEBUG 23548 --- [http-nio-8080-exec-5] o.s.security.web.FilterChainProxy        : /login at position 6 of 15 in additional filter chain; firing Filter: 'UsernamePasswordAuthenticationFilter'
2025-06-19 11:40:06.694 DEBUG 23548 --- [http-nio-8080-exec-5] o.s.s.w.u.matcher.AntPathRequestMatcher  : Checking match of request : '/login'; against '/login'
2025-06-19 11:40:06.694 DEBUG 23548 --- [http-nio-8080-exec-5] w.a.UsernamePasswordAuthenticationFilter : Request is to process authentication
2025-06-19 11:40:06.694 DEBUG 23548 --- [http-nio-8080-exec-5] o.s.s.authentication.ProviderManager     : Authentication attempt using org.springframework.security.authentication.dao.DaoAuthenticationProvider
2025-06-19 11:40:07.084 DEBUG 23548 --- [http-nio-8080-exec-5] s.CompositeSessionAuthenticationStrategy : Delegating to org.springframework.security.web.authentication.session.ChangeSessionIdAuthenticationStrategy@1f362e15
2025-06-19 11:40:07.084 DEBUG 23548 --- [http-nio-8080-exec-5] s.CompositeSessionAuthenticationStrategy : Delegating to org.springframework.security.web.csrf.CsrfAuthenticationStrategy@39a97995
2025-06-19 11:40:07.084 DEBUG 23548 --- [http-nio-8080-exec-5] w.a.UsernamePasswordAuthenticationFilter : Authentication success. Updating SecurityContextHolder to contain: org.springframework.security.authentication.UsernamePasswordAuthenticationToken@fa79fc8b: Principal: org.springframework.security.core.userdetails.User@586034f: Username: admin; Password: [PROTECTED]; Enabled: true; AccountNonExpired: true; credentialsNonExpired: true; AccountNonLocked: true; Not granted any authorities; Credentials: [PROTECTED]; Authenticated: true; Details: org.springframework.security.web.authentication.WebAuthenticationDetails@0: RemoteIpAddress: 0:0:0:0:0:0:0:1; SessionId: 0B235E7AB250438DABF5D118A3940F36; Not granted any authorities
2025-06-19 11:40:07.084 DEBUG 23548 --- [http-nio-8080-exec-5] RequestAwareAuthenticationSuccessHandler : Redirecting to DefaultSavedRequest Url: http://localhost:8080/details
2025-06-19 11:40:07.084 DEBUG 23548 --- [http-nio-8080-exec-5] o.s.s.web.DefaultRedirectStrategy        : Redirecting to 'http://localhost:8080/details'
2025-06-19 11:40:07.084 DEBUG 23548 --- [http-nio-8080-exec-5] o.s.s.w.header.writers.HstsHeaderWriter  : Not injecting HSTS header since it did not match the requestMatcher org.springframework.security.web.header.writers.HstsHeaderWriter$SecureRequestMatcher@5fe7b841
2025-06-19 11:40:07.084 DEBUG 23548 --- [http-nio-8080-exec-5] w.c.HttpSessionSecurityContextRepository : SecurityContext 'org.springframework.security.core.context.SecurityContextImpl@fa79fc8b: Authentication: org.springframework.security.authentication.UsernamePasswordAuthenticationToken@fa79fc8b: Principal: org.springframework.security.core.userdetails.User@586034f: Username: admin; Password: [PROTECTED]; Enabled: true; AccountNonExpired: true; credentialsNonExpired: true; AccountNonLocked: true; Not granted any authorities; Credentials: [PROTECTED]; Authenticated: true; Details: org.springframework.security.web.authentication.WebAuthenticationDetails@0: RemoteIpAddress: 0:0:0:0:0:0:0:1; SessionId: 0B235E7AB250438DABF5D118A3940F36; Not granted any authorities' stored to HttpSession: 'org.apache.catalina.session.StandardSessionFacade@62d78e73
2025-06-19 11:40:07.084 DEBUG 23548 --- [http-nio-8080-exec-5] s.s.w.c.SecurityContextPersistenceFilter : SecurityContextHolder now cleared, as request processing completed
2025-06-19 11:40:07.084 DEBUG 23548 --- [http-nio-8080-exec-6] o.s.security.web.FilterChainProxy        : /details at position 1 of 15 in additional filter chain; firing Filter: 'WebAsyncManagerIntegrationFilter'
2025-06-19 11:40:07.097 DEBUG 23548 --- [http-nio-8080-exec-6] o.s.security.web.FilterChainProxy        : /details at position 2 of 15 in additional filter chain; firing Filter: 'SecurityContextPersistenceFilter'
2025-06-19 11:40:07.097 DEBUG 23548 --- [http-nio-8080-exec-6] w.c.HttpSessionSecurityContextRepository : Obtained a valid SecurityContext from SPRING_SECURITY_CONTEXT: 'org.springframework.security.core.context.SecurityContextImpl@fa79fc8b: Authentication: org.springframework.security.authentication.UsernamePasswordAuthenticationToken@fa79fc8b: Principal: org.springframework.security.core.userdetails.User@586034f: Username: admin; Password: [PROTECTED]; Enabled: true; AccountNonExpired: true; credentialsNonExpired: true; AccountNonLocked: true; Not granted any authorities; Credentials: [PROTECTED]; Authenticated: true; Details: org.springframework.security.web.authentication.WebAuthenticationDetails@0: RemoteIpAddress: 0:0:0:0:0:0:0:1; SessionId: 0B235E7AB250438DABF5D118A3940F36; Not granted any authorities'
2025-06-19 11:40:07.097 DEBUG 23548 --- [http-nio-8080-exec-6] o.s.security.web.FilterChainProxy        : /details at position 3 of 15 in additional filter chain; firing Filter: 'HeaderWriterFilter'
2025-06-19 11:40:07.097 DEBUG 23548 --- [http-nio-8080-exec-6] o.s.security.web.FilterChainProxy        : /details at position 4 of 15 in additional filter chain; firing Filter: 'CsrfFilter'
2025-06-19 11:40:07.097 DEBUG 23548 --- [http-nio-8080-exec-6] o.s.security.web.FilterChainProxy        : /details at position 5 of 15 in additional filter chain; firing Filter: 'LogoutFilter'
2025-06-19 11:40:07.097 DEBUG 23548 --- [http-nio-8080-exec-6] o.s.s.w.u.matcher.AntPathRequestMatcher  : Request 'GET /details' doesn't match 'POST /logout'
2025-06-19 11:40:07.097 DEBUG 23548 --- [http-nio-8080-exec-6] o.s.security.web.FilterChainProxy        : /details at position 6 of 15 in additional filter chain; firing Filter: 'UsernamePasswordAuthenticationFilter'
2025-06-19 11:40:07.097 DEBUG 23548 --- [http-nio-8080-exec-6] o.s.s.w.u.matcher.AntPathRequestMatcher  : Request 'GET /details' doesn't match 'POST /login'
2025-06-19 11:40:07.099 DEBUG 23548 --- [http-nio-8080-exec-6] o.s.security.web.FilterChainProxy        : /details at position 7 of 15 in additional filter chain; firing Filter: 'DefaultLoginPageGeneratingFilter'
2025-06-19 11:40:07.099 DEBUG 23548 --- [http-nio-8080-exec-6] o.s.security.web.FilterChainProxy        : /details at position 8 of 15 in additional filter chain; firing Filter: 'DefaultLogoutPageGeneratingFilter'
2025-06-19 11:40:07.099 DEBUG 23548 --- [http-nio-8080-exec-6] o.s.s.w.u.matcher.AntPathRequestMatcher  : Checking match of request : '/details'; against '/logout'
2025-06-19 11:40:07.099 DEBUG 23548 --- [http-nio-8080-exec-6] o.s.security.web.FilterChainProxy        : /details at position 9 of 15 in additional filter chain; firing Filter: 'BasicAuthenticationFilter'
2025-06-19 11:40:07.099 DEBUG 23548 --- [http-nio-8080-exec-6] o.s.security.web.FilterChainProxy        : /details at position 10 of 15 in additional filter chain; firing Filter: 'RequestCacheAwareFilter'
2025-06-19 11:40:07.100 DEBUG 23548 --- [http-nio-8080-exec-6] o.s.s.w.s.DefaultSavedRequest            : pathInfo: both null (property equals)
2025-06-19 11:40:07.100 DEBUG 23548 --- [http-nio-8080-exec-6] o.s.s.w.s.DefaultSavedRequest            : queryString: both null (property equals)
2025-06-19 11:40:07.100 DEBUG 23548 --- [http-nio-8080-exec-6] o.s.s.w.s.DefaultSavedRequest            : requestURI: arg1=/details; arg2=/details (property equals)
2025-06-19 11:40:07.100 DEBUG 23548 --- [http-nio-8080-exec-6] o.s.s.w.s.DefaultSavedRequest            : serverPort: arg1=8080; arg2=8080 (property equals)
2025-06-19 11:40:07.100 DEBUG 23548 --- [http-nio-8080-exec-6] o.s.s.w.s.DefaultSavedRequest            : requestURL: arg1=http://localhost:8080/details; arg2=http://localhost:8080/details (property equals)
2025-06-19 11:40:07.100 DEBUG 23548 --- [http-nio-8080-exec-6] o.s.s.w.s.DefaultSavedRequest            : scheme: arg1=http; arg2=http (property equals)
2025-06-19 11:40:07.100 DEBUG 23548 --- [http-nio-8080-exec-6] o.s.s.w.s.DefaultSavedRequest            : serverName: arg1=localhost; arg2=localhost (property equals)
2025-06-19 11:40:07.100 DEBUG 23548 --- [http-nio-8080-exec-6] o.s.s.w.s.DefaultSavedRequest            : contextPath: arg1=; arg2= (property equals)
2025-06-19 11:40:07.100 DEBUG 23548 --- [http-nio-8080-exec-6] o.s.s.w.s.DefaultSavedRequest            : servletPath: arg1=/details; arg2=/details (property equals)
2025-06-19 11:40:07.100 DEBUG 23548 --- [http-nio-8080-exec-6] o.s.s.w.s.HttpSessionRequestCache        : Removing DefaultSavedRequest from session if present
2025-06-19 11:40:07.100 DEBUG 23548 --- [http-nio-8080-exec-6] o.s.security.web.FilterChainProxy        : /details at position 11 of 15 in additional filter chain; firing Filter: 'SecurityContextHolderAwareRequestFilter'
2025-06-19 11:40:07.100 DEBUG 23548 --- [http-nio-8080-exec-6] o.s.security.web.FilterChainProxy        : /details at position 12 of 15 in additional filter chain; firing Filter: 'AnonymousAuthenticationFilter'
2025-06-19 11:40:07.100 DEBUG 23548 --- [http-nio-8080-exec-6] o.s.s.w.a.AnonymousAuthenticationFilter  : SecurityContextHolder not populated with anonymous token, as it already contained: 'org.springframework.security.authentication.UsernamePasswordAuthenticationToken@fa79fc8b: Principal: org.springframework.security.core.userdetails.User@586034f: Username: admin; Password: [PROTECTED]; Enabled: true; AccountNonExpired: true; credentialsNonExpired: true; AccountNonLocked: true; Not granted any authorities; Credentials: [PROTECTED]; Authenticated: true; Details: org.springframework.security.web.authentication.WebAuthenticationDetails@0: RemoteIpAddress: 0:0:0:0:0:0:0:1; SessionId: 0B235E7AB250438DABF5D118A3940F36; Not granted any authorities'
2025-06-19 11:40:07.100 DEBUG 23548 --- [http-nio-8080-exec-6] o.s.security.web.FilterChainProxy        : /details at position 13 of 15 in additional filter chain; firing Filter: 'SessionManagementFilter'
2025-06-19 11:40:07.100 DEBUG 23548 --- [http-nio-8080-exec-6] o.s.security.web.FilterChainProxy        : /details at position 14 of 15 in additional filter chain; firing Filter: 'ExceptionTranslationFilter'
2025-06-19 11:40:07.100 DEBUG 23548 --- [http-nio-8080-exec-6] o.s.security.web.FilterChainProxy        : /details at position 15 of 15 in additional filter chain; firing Filter: 'FilterSecurityInterceptor'
2025-06-19 11:40:07.100 DEBUG 23548 --- [http-nio-8080-exec-6] o.s.s.web.util.matcher.OrRequestMatcher  : Trying to match using Mvc [pattern='/details/health/**']
2025-06-19 11:40:07.100 DEBUG 23548 --- [http-nio-8080-exec-6] o.s.s.web.util.matcher.OrRequestMatcher  : Trying to match using Mvc [pattern='/details/info/**']
2025-06-19 11:40:07.100 DEBUG 23548 --- [http-nio-8080-exec-6] o.s.s.web.util.matcher.OrRequestMatcher  : No matches found
2025-06-19 11:40:07.100 DEBUG 23548 --- [http-nio-8080-exec-6] o.s.s.w.a.i.FilterSecurityInterceptor    : Secure object: FilterInvocation: URL: /details; Attributes: [authenticated]
2025-06-19 11:40:07.100 DEBUG 23548 --- [http-nio-8080-exec-6] o.s.s.w.a.i.FilterSecurityInterceptor    : Previously Authenticated: org.springframework.security.authentication.UsernamePasswordAuthenticationToken@fa79fc8b: Principal: org.springframework.security.core.userdetails.User@586034f: Username: admin; Password: [PROTECTED]; Enabled: true; AccountNonExpired: true; credentialsNonExpired: true; AccountNonLocked: true; Not granted any authorities; Credentials: [PROTECTED]; Authenticated: true; Details: org.springframework.security.web.authentication.WebAuthenticationDetails@0: RemoteIpAddress: 0:0:0:0:0:0:0:1; SessionId: 0B235E7AB250438DABF5D118A3940F36; Not granted any authorities
2025-06-19 11:40:07.100 DEBUG 23548 --- [http-nio-8080-exec-6] o.s.s.access.vote.AffirmativeBased       : Voter: org.springframework.security.web.access.expression.WebExpressionVoter@5f722e94, returned: 1
2025-06-19 11:40:07.100 DEBUG 23548 --- [http-nio-8080-exec-6] o.s.s.w.a.i.FilterSecurityInterceptor    : Authorization successful
2025-06-19 11:40:07.100 DEBUG 23548 --- [http-nio-8080-exec-6] o.s.s.w.a.i.FilterSecurityInterceptor    : RunAsManager did not change Authentication object
2025-06-19 11:40:07.100 DEBUG 23548 --- [http-nio-8080-exec-6] o.s.security.web.FilterChainProxy        : /details reached end of additional filter chain; proceeding with original chain
2025-06-19 11:40:07.116 DEBUG 23548 --- [http-nio-8080-exec-6] o.s.web.servlet.DispatcherServlet        : GET "/details", parameters={}
2025-06-19 11:40:07.168 DEBUG 23548 --- [http-nio-8080-exec-6] m.m.a.RequestResponseBodyMethodProcessor : Using 'application/vnd.spring-boot.actuator.v2+json;q=0.8', given [text/html, application/xhtml+xml, image/avif, image/webp, image/apng, application/xml;q=0.9, application/signed-exchange;v=b3;q=0.7, */*;q=0.8] and supported [application/vnd.spring-boot.actuator.v2+json, application/json]
2025-06-19 11:40:07.188 DEBUG 23548 --- [http-nio-8080-exec-6] m.m.a.RequestResponseBodyMethodProcessor : Writing [{_links={self=[Link@5e316130 href = 'http://localhost:8080/details'], beans=[Link@5ae9fcfd href = 'h (truncated)...]
2025-06-19 11:40:07.274 DEBUG 23548 --- [http-nio-8080-exec-6] o.s.s.w.header.writers.HstsHeaderWriter  : Not injecting HSTS header since it did not match the requestMatcher org.springframework.security.web.header.writers.HstsHeaderWriter$SecureRequestMatcher@5fe7b841
2025-06-19 11:40:07.275 DEBUG 23548 --- [http-nio-8080-exec-6] o.s.web.servlet.DispatcherServlet        : Completed 200 OK
2025-06-19 11:40:07.282 DEBUG 23548 --- [http-nio-8080-exec-6] o.s.s.w.a.ExceptionTranslationFilter     : Chain processed normally
2025-06-19 11:40:07.282 DEBUG 23548 --- [http-nio-8080-exec-6] s.s.w.c.SecurityContextPersistenceFilter : SecurityContextHolder now cleared, as request processing completed
2025-06-19 11:40:07.364 DEBUG 23548 --- [http-nio-8080-exec-7] o.s.security.web.FilterChainProxy        : /favicon.ico at position 1 of 15 in additional filter chain; firing Filter: 'WebAsyncManagerIntegrationFilter'
2025-06-19 11:40:07.365 DEBUG 23548 --- [http-nio-8080-exec-7] o.s.security.web.FilterChainProxy        : /favicon.ico at position 2 of 15 in additional filter chain; firing Filter: 'SecurityContextPersistenceFilter'
2025-06-19 11:40:07.365 DEBUG 23548 --- [http-nio-8080-exec-7] w.c.HttpSessionSecurityContextRepository : Obtained a valid SecurityContext from SPRING_SECURITY_CONTEXT: 'org.springframework.security.core.context.SecurityContextImpl@fa79fc8b: Authentication: org.springframework.security.authentication.UsernamePasswordAuthenticationToken@fa79fc8b: Principal: org.springframework.security.core.userdetails.User@586034f: Username: admin; Password: [PROTECTED]; Enabled: true; AccountNonExpired: true; credentialsNonExpired: true; AccountNonLocked: true; Not granted any authorities; Credentials: [PROTECTED]; Authenticated: true; Details: org.springframework.security.web.authentication.WebAuthenticationDetails@0: RemoteIpAddress: 0:0:0:0:0:0:0:1; SessionId: 0B235E7AB250438DABF5D118A3940F36; Not granted any authorities'
2025-06-19 11:40:07.365 DEBUG 23548 --- [http-nio-8080-exec-7] o.s.security.web.FilterChainProxy        : /favicon.ico at position 3 of 15 in additional filter chain; firing Filter: 'HeaderWriterFilter'
2025-06-19 11:40:07.365 DEBUG 23548 --- [http-nio-8080-exec-7] o.s.security.web.FilterChainProxy        : /favicon.ico at position 4 of 15 in additional filter chain; firing Filter: 'CsrfFilter'
2025-06-19 11:40:07.365 DEBUG 23548 --- [http-nio-8080-exec-7] o.s.security.web.FilterChainProxy        : /favicon.ico at position 5 of 15 in additional filter chain; firing Filter: 'LogoutFilter'
2025-06-19 11:40:07.365 DEBUG 23548 --- [http-nio-8080-exec-7] o.s.s.w.u.matcher.AntPathRequestMatcher  : Request 'GET /favicon.ico' doesn't match 'POST /logout'
2025-06-19 11:40:07.365 DEBUG 23548 --- [http-nio-8080-exec-7] o.s.security.web.FilterChainProxy        : /favicon.ico at position 6 of 15 in additional filter chain; firing Filter: 'UsernamePasswordAuthenticationFilter'
2025-06-19 11:40:07.365 DEBUG 23548 --- [http-nio-8080-exec-7] o.s.s.w.u.matcher.AntPathRequestMatcher  : Request 'GET /favicon.ico' doesn't match 'POST /login'
2025-06-19 11:40:07.365 DEBUG 23548 --- [http-nio-8080-exec-7] o.s.security.web.FilterChainProxy        : /favicon.ico at position 7 of 15 in additional filter chain; firing Filter: 'DefaultLoginPageGeneratingFilter'
2025-06-19 11:40:07.365 DEBUG 23548 --- [http-nio-8080-exec-7] o.s.security.web.FilterChainProxy        : /favicon.ico at position 8 of 15 in additional filter chain; firing Filter: 'DefaultLogoutPageGeneratingFilter'
2025-06-19 11:40:07.367 DEBUG 23548 --- [http-nio-8080-exec-7] o.s.s.w.u.matcher.AntPathRequestMatcher  : Checking match of request : '/favicon.ico'; against '/logout'
2025-06-19 11:40:07.367 DEBUG 23548 --- [http-nio-8080-exec-7] o.s.security.web.FilterChainProxy        : /favicon.ico at position 9 of 15 in additional filter chain; firing Filter: 'BasicAuthenticationFilter'
2025-06-19 11:40:07.367 DEBUG 23548 --- [http-nio-8080-exec-7] o.s.security.web.FilterChainProxy        : /favicon.ico at position 10 of 15 in additional filter chain; firing Filter: 'RequestCacheAwareFilter'
2025-06-19 11:40:07.367 DEBUG 23548 --- [http-nio-8080-exec-7] o.s.s.w.s.HttpSessionRequestCache        : saved request doesn't match
2025-06-19 11:40:07.367 DEBUG 23548 --- [http-nio-8080-exec-7] o.s.security.web.FilterChainProxy        : /favicon.ico at position 11 of 15 in additional filter chain; firing Filter: 'SecurityContextHolderAwareRequestFilter'
2025-06-19 11:40:07.367 DEBUG 23548 --- [http-nio-8080-exec-7] o.s.security.web.FilterChainProxy        : /favicon.ico at position 12 of 15 in additional filter chain; firing Filter: 'AnonymousAuthenticationFilter'
2025-06-19 11:40:07.367 DEBUG 23548 --- [http-nio-8080-exec-7] o.s.s.w.a.AnonymousAuthenticationFilter  : SecurityContextHolder not populated with anonymous token, as it already contained: 'org.springframework.security.authentication.UsernamePasswordAuthenticationToken@fa79fc8b: Principal: org.springframework.security.core.userdetails.User@586034f: Username: admin; Password: [PROTECTED]; Enabled: true; AccountNonExpired: true; credentialsNonExpired: true; AccountNonLocked: true; Not granted any authorities; Credentials: [PROTECTED]; Authenticated: true; Details: org.springframework.security.web.authentication.WebAuthenticationDetails@0: RemoteIpAddress: 0:0:0:0:0:0:0:1; SessionId: 0B235E7AB250438DABF5D118A3940F36; Not granted any authorities'
2025-06-19 11:40:07.367 DEBUG 23548 --- [http-nio-8080-exec-7] o.s.security.web.FilterChainProxy        : /favicon.ico at position 13 of 15 in additional filter chain; firing Filter: 'SessionManagementFilter'
2025-06-19 11:40:07.367 DEBUG 23548 --- [http-nio-8080-exec-7] o.s.security.web.FilterChainProxy        : /favicon.ico at position 14 of 15 in additional filter chain; firing Filter: 'ExceptionTranslationFilter'
2025-06-19 11:40:07.367 DEBUG 23548 --- [http-nio-8080-exec-7] o.s.security.web.FilterChainProxy        : /favicon.ico at position 15 of 15 in additional filter chain; firing Filter: 'FilterSecurityInterceptor'
2025-06-19 11:40:07.367 DEBUG 23548 --- [http-nio-8080-exec-7] o.s.s.web.util.matcher.OrRequestMatcher  : Trying to match using Mvc [pattern='/details/health/**']
2025-06-19 11:40:07.369 DEBUG 23548 --- [http-nio-8080-exec-7] o.s.w.s.handler.SimpleUrlHandlerMapping  : Mapped to ResourceHttpRequestHandler [class path resource [META-INF/resources/], class path resource [resources/], class path resource [static/], class path resource [public/], ServletContext resource [/], class path resource []]
2025-06-19 11:40:07.370 DEBUG 23548 --- [http-nio-8080-exec-7] o.s.s.web.util.matcher.OrRequestMatcher  : Trying to match using Mvc [pattern='/details/info/**']
2025-06-19 11:40:07.371 DEBUG 23548 --- [http-nio-8080-exec-7] o.s.w.s.handler.SimpleUrlHandlerMapping  : Mapped to ResourceHttpRequestHandler [class path resource [META-INF/resources/], class path resource [resources/], class path resource [static/], class path resource [public/], ServletContext resource [/], class path resource []]
2025-06-19 11:40:07.372 DEBUG 23548 --- [http-nio-8080-exec-7] o.s.s.web.util.matcher.OrRequestMatcher  : No matches found
2025-06-19 11:40:07.372 DEBUG 23548 --- [http-nio-8080-exec-7] o.s.s.w.a.i.FilterSecurityInterceptor    : Secure object: FilterInvocation: URL: /favicon.ico; Attributes: [authenticated]
2025-06-19 11:40:07.372 DEBUG 23548 --- [http-nio-8080-exec-7] o.s.s.w.a.i.FilterSecurityInterceptor    : Previously Authenticated: org.springframework.security.authentication.UsernamePasswordAuthenticationToken@fa79fc8b: Principal: org.springframework.security.core.userdetails.User@586034f: Username: admin; Password: [PROTECTED]; Enabled: true; AccountNonExpired: true; credentialsNonExpired: true; AccountNonLocked: true; Not granted any authorities; Credentials: [PROTECTED]; Authenticated: true; Details: org.springframework.security.web.authentication.WebAuthenticationDetails@0: RemoteIpAddress: 0:0:0:0:0:0:0:1; SessionId: 0B235E7AB250438DABF5D118A3940F36; Not granted any authorities
2025-06-19 11:40:07.372 DEBUG 23548 --- [http-nio-8080-exec-7] o.s.s.access.vote.AffirmativeBased       : Voter: org.springframework.security.web.access.expression.WebExpressionVoter@5f722e94, returned: 1
2025-06-19 11:40:07.372 DEBUG 23548 --- [http-nio-8080-exec-7] o.s.s.w.a.i.FilterSecurityInterceptor    : Authorization successful
2025-06-19 11:40:07.372 DEBUG 23548 --- [http-nio-8080-exec-7] o.s.s.w.a.i.FilterSecurityInterceptor    : RunAsManager did not change Authentication object
2025-06-19 11:40:07.372 DEBUG 23548 --- [http-nio-8080-exec-7] o.s.security.web.FilterChainProxy        : /favicon.ico reached end of additional filter chain; proceeding with original chain
2025-06-19 11:40:07.372 DEBUG 23548 --- [http-nio-8080-exec-7] o.s.web.servlet.DispatcherServlet        : GET "/favicon.ico", parameters={}
2025-06-19 11:40:07.372 DEBUG 23548 --- [http-nio-8080-exec-7] o.s.w.s.handler.SimpleUrlHandlerMapping  : Mapped to ResourceHttpRequestHandler [class path resource [META-INF/resources/], class path resource [resources/], class path resource [static/], class path resource [public/], ServletContext resource [/], class path resource []]
2025-06-19 11:40:07.403 DEBUG 23548 --- [http-nio-8080-exec-7] o.s.s.w.header.writers.HstsHeaderWriter  : Not injecting HSTS header since it did not match the requestMatcher org.springframework.security.web.header.writers.HstsHeaderWriter$SecureRequestMatcher@5fe7b841
2025-06-19 11:40:07.406 DEBUG 23548 --- [http-nio-8080-exec-7] o.s.web.servlet.DispatcherServlet        : Completed 200 OK
2025-06-19 11:40:07.407 DEBUG 23548 --- [http-nio-8080-exec-7] o.s.s.w.a.ExceptionTranslationFilter     : Chain processed normally
2025-06-19 11:40:07.407 DEBUG 23548 --- [http-nio-8080-exec-7] s.s.w.c.SecurityContextPersistenceFilter : SecurityContextHolder now cleared, as request processing completed
2025-06-19 11:45:17.018  INFO 23548 --- [Thread-8] o.s.s.concurrent.ThreadPoolTaskExecutor  : Shutting down ExecutorService 'applicationTaskExecutor'
